Component: ARM Compiler 5.05 update 2 (build 169) Tool: armlink [4d0f33]

==============================================================================

Section Cross References

    main.o(i.HAL_GetTick) refers to rt_time.o(.data) for os_time
    main.o(i.SystemClock_Config) refers to stm32f2xx_hal_rcc.o(i.HAL_RCC_OscConfig) for HAL_RCC_OscConfig
    main.o(i.SystemClock_Config) refers to stm32f2xx_hal_rcc.o(i.HAL_RCC_ClockConfig) for HAL_RCC_ClockConfig
    main.o(i.SystemClock_Config) refers to stm32f2xx_hal_rcc.o(i.HAL_RCC_GetHCLKFreq) for HAL_RCC_GetHCLKFreq
    main.o(i.SystemClock_Config) refers to stm32f2xx_hal_cortex.o(i.HAL_SYSTICK_Config) for HAL_SYSTICK_Config
    main.o(i.SystemClock_Config) refers to stm32f2xx_hal_cortex.o(i.HAL_SYSTICK_CLKSourceConfig) for HAL_SYSTICK_CLKSourceConfig
    main.o(i.SystemClock_Config) refers to stm32f2xx_hal_cortex.o(i.HAL_NVIC_SetPriority) for HAL_NVIC_SetPriority
    main.o(i.main) refers to rt_cmsis.o(i.osKernelInitialize) for osKernelInitialize
    main.o(i.main) refers to stm32f2xx_hal.o(i.HAL_Init) for HAL_Init
    main.o(i.main) refers to main.o(i.SystemClock_Config) for SystemClock_Config
    main.o(i.main) refers to system_stm32f2xx.o(i.SystemCoreClockUpdate) for SystemCoreClockUpdate
    main.o(i.main) refers to glcd_mcbstm32f200.o(i.GLCD_Initialize) for GLCD_Initialize
    main.o(i.main) refers to glcd_mcbstm32f200.o(i.GLCD_SetBackgroundColor) for GLCD_SetBackgroundColor
    main.o(i.main) refers to glcd_mcbstm32f200.o(i.GLCD_SetForegroundColor) for GLCD_SetForegroundColor
    main.o(i.main) refers to glcd_mcbstm32f200.o(i.GLCD_ClearScreen) for GLCD_ClearScreen
    main.o(i.main) refers to glcd_mcbstm32f200.o(i.GLCD_SetFont) for GLCD_SetFont
    main.o(i.main) refers to button.o(i.Init_Button) for Init_Button
    main.o(i.main) refers to thread.o(i.Init_Thread) for Init_Thread
    main.o(i.main) refers to rt_cmsis.o(i.osKernelStart) for osKernelStart
    main.o(i.main) refers to glcd_fonts.o(.constdata) for GLCD_Font_16x24
    thread.o(i.GUI_Thread) refers to h1_alloc_mt.o(.text) for malloc
    thread.o(i.GUI_Thread) refers to thread.o(i.Print_square) for Print_square
    thread.o(i.GUI_Thread) refers to glcd_mcbstm32f200.o(i.GLCD_ClearScreen) for GLCD_ClearScreen
    thread.o(i.GUI_Thread) refers to thread.o(.data) for fieldySize
    thread.o(i.Init_Thread) refers to rt_cmsis.o(i.osThreadCreate) for osThreadCreate
    thread.o(i.Init_Thread) refers to thread.o(.constdata) for os_thread_def_Thread_Task
    thread.o(i.Init_Thread) refers to thread.o(.data) for tid_Thread
    thread.o(i.Print_square) refers to glcd_mcbstm32f200.o(i.GLCD_DrawRectangle) for GLCD_DrawRectangle
    thread.o(i.Thread_Task) refers to stm32f2xx_hal_gpio.o(i.HAL_GPIO_ReadPin) for HAL_GPIO_ReadPin
    thread.o(i.Thread_Task) refers to stm32f2xx_hal_gpio.o(i.HAL_GPIO_TogglePin) for HAL_GPIO_TogglePin
    thread.o(i.Thread_Task) refers to thread.o(i.delayBtn) for delayBtn
    thread.o(i.Thread_Task) refers to thread.o(i.delay) for delay
    thread.o(i.Thread_Task) refers to thread.o(.data) for fieldxSize
    thread.o(.constdata) refers to thread.o(i.Thread_Task) for Thread_Task
    thread.o(.constdata) refers to thread.o(i.GUI_Thread) for GUI_Thread
    button.o(i.Init_Button) refers to stm32f2xx_hal_gpio.o(i.HAL_GPIO_Init) for HAL_GPIO_Init
    buttons_mcbstm32f200.o(i.Buttons_GetState) refers to stm32f2xx_hal_gpio.o(i.HAL_GPIO_ReadPin) for HAL_GPIO_ReadPin
    buttons_mcbstm32f200.o(i.Buttons_Initialize) refers to stm32f2xx_hal_gpio.o(i.HAL_GPIO_Init) for HAL_GPIO_Init
    buttons_mcbstm32f200.o(i.Buttons_Uninitialize) refers to stm32f2xx_hal_gpio.o(i.HAL_GPIO_DeInit) for HAL_GPIO_DeInit
    glcd_mcbstm32f200.o(i.GLCD_ClearScreen) refers to glcd_mcbstm32f200.o(i.GLCD_SetWindow) for GLCD_SetWindow
    glcd_mcbstm32f200.o(i.GLCD_ClearScreen) refers to glcd_mcbstm32f200.o(i.wr_cmd) for wr_cmd
    glcd_mcbstm32f200.o(i.GLCD_ClearScreen) refers to glcd_mcbstm32f200.o(i.wr_dat_only) for wr_dat_only
    glcd_mcbstm32f200.o(i.GLCD_ClearScreen) refers to glcd_mcbstm32f200.o(.data) for background_color
    glcd_mcbstm32f200.o(i.GLCD_DrawBargraph) refers to glcd_mcbstm32f200.o(i.GLCD_SetWindow) for GLCD_SetWindow
    glcd_mcbstm32f200.o(i.GLCD_DrawBargraph) refers to glcd_mcbstm32f200.o(i.wr_cmd) for wr_cmd
    glcd_mcbstm32f200.o(i.GLCD_DrawBargraph) refers to glcd_mcbstm32f200.o(i.wr_dat_only) for wr_dat_only
    glcd_mcbstm32f200.o(i.GLCD_DrawBargraph) refers to glcd_mcbstm32f200.o(.data) for background_color
    glcd_mcbstm32f200.o(i.GLCD_DrawBitmap) refers to glcd_mcbstm32f200.o(i.GLCD_SetWindow) for GLCD_SetWindow
    glcd_mcbstm32f200.o(i.GLCD_DrawBitmap) refers to glcd_mcbstm32f200.o(i.wr_cmd) for wr_cmd
    glcd_mcbstm32f200.o(i.GLCD_DrawBitmap) refers to glcd_mcbstm32f200.o(i.wr_dat_only) for wr_dat_only
    glcd_mcbstm32f200.o(i.GLCD_DrawChar) refers to glcd_mcbstm32f200.o(i.GLCD_SetWindow) for GLCD_SetWindow
[...]
    .ARM.Collect$$libinit$$0000001F          0x08000202   Section        0  libinit2.o(.ARM.Collect$$libinit$$0000001F)
    .ARM.Collect$$libinit$$00000021          0x08000202   Section        0  libinit2.o(.ARM.Collect$$libinit$$00000021)
    .ARM.Collect$$libinit$$00000023          0x08000202   Section        0  libinit2.o(.ARM.Collect$$libinit$$00000023)
    .ARM.Collect$$libinit$$00000025          0x08000202   Section        0  libinit2.o(.ARM.Collect$$libinit$$00000025)
    .ARM.Collect$$libinit$$0000002C          0x08000202   Section        0  libinit2.o(.ARM.Collect$$libinit$$0000002C)
    .ARM.Collect$$libinit$$0000002E          0x08000202   Section        0  libinit2.o(.ARM.Collect$$libinit$$0000002E)
    .ARM.Collect$$libinit$$00000030          0x08000202   Section        0  libinit2.o(.ARM.Collect$$libinit$$00000030)
    .ARM.Collect$$libinit$$00000032          0x08000202   Section        0  libinit2.o(.ARM.Collect$$libinit$$00000032)
    .ARM.Collect$$libinit$$00000033          0x08000202   Section        2  libinit2.o(.ARM.Collect$$libinit$$00000033)
    .ARM.Collect$$libshutdown$$00000000      0x08000204   Section        2  libshutdown.o(.ARM.Collect$$libshutdown$$00000000)
    .ARM.Collect$$libshutdown$$00000003      0x08000206   Section        0  libshutdown2.o(.ARM.Collect$$libshutdown$$00000003)
    .ARM.Collect$$libshutdown$$00000006      0x08000206   Section        0  libshutdown2.o(.ARM.Collect$$libshutdown$$00000006)
    .ARM.Collect$$libshutdown$$00000009      0x08000206   Section        0  libshutdown2.o(.ARM.Collect$$libshutdown$$00000009)
    .ARM.Collect$$libshutdown$$0000000B      0x08000206   Section        0  libshutdown2.o(.ARM.Collect$$libshutdown$$0000000B)
    .ARM.Collect$$libshutdown$$0000000E      0x08000206   Section        0  libshutdown2.o(.ARM.Collect$$libshutdown$$0000000E)
    .ARM.Collect$$libshutdown$$0000000F      0x08000206   Section        2  libshutdown2.o(.ARM.Collect$$libshutdown$$0000000F)
    .ARM.Collect$$rtentry$$00000000          0x08000208   Section        0  __rtentry.o(.ARM.Collect$$rtentry$$00000000)
    .ARM.Collect$$rtentry$$00000002          0x08000208   Section        0  __rtentry2.o(.ARM.Collect$$rtentry$$00000002)
    .ARM.Collect$$rtentry$$00000004          0x08000208   Section        6  __rtentry4.o(.ARM.Collect$$rtentry$$00000004)
    .ARM.Collect$$rtentry$$00000009          0x0800020e   Section        0  __rtentry2.o(.ARM.Collect$$rtentry$$00000009)
    .ARM.Collect$$rtentry$$0000000A          0x0800020e   Section        4  __rtentry2.o(.ARM.Collect$$rtentry$$0000000A)
    .ARM.Collect$$rtentry$$0000000B          0x08000212   Section        8  __rtentry2.o(.ARM.Collect$$rtentry$$0000000B)
    .ARM.Collect$$rtentry$$0000000D          0x0800021a   Section        8  __rtentry2.o(.ARM.Collect$$rtentry$$0000000D)
    .ARM.Collect$$rtexit$$00000000           0x08000222   Section        2  rtexit.o(.ARM.Collect$$rtexit$$00000000)
    .ARM.Collect$$rtexit$$00000002           0x08000224   Section        0  rtexit2.o(.ARM.Collect$$rtexit$$00000002)
    .ARM.Collect$$rtexit$$00000003           0x08000224   Section        4  rtexit2.o(.ARM.Collect$$rtexit$$00000003)
    .ARM.Collect$$rtexit$$00000004           0x08000228   Section        6  rtexit2.o(.ARM.Collect$$rtexit$$00000004)
    .emb_text                                0x08000230   Section       28  rtx_conf_cm.o(.emb_text)
    .emb_text                                0x0800024c   Section      304  hal_cm3.o(.emb_text)
    .emb_text                                0x0800037c   Section        0  maybetermalloc1.o(.emb_text)
    .text                                    0x0800037c   Section       64  startup_stm32f207xx.o(.text)
    .text                                    0x080003bc   Section        8  libspace.o(.text)
    .text                                    0x080003c4   Section        0  h1_alloc_mt.o(.text)
    Heap1_SizeAdjust                         0x080003c5   Thumb Code     8  h1_alloc_mt.o(.text)
    .text                                    0x08000462   Section        0  exit.o(.text)
    .text                                    0x0800046e   Section        0  heapauxi.o(.text)
    .text                                    0x08000474   Section       10  rt_heap_descriptor_twolibspace.o(.text)
    .text                                    0x0800047e   Section        0  hguard.o(.text)
    .text                                    0x08000482   Section        0  init_alloc.o(.text)
    .text                                    0x0800050c   Section        0  h1_init_mt.o(.text)
    .text                                    0x0800051e   Section        0  h1_free_mt.o(.text)
    .text                                    0x08000594   Section        0  h1_extend_mt.o(.text)
    .text                                    0x080005d2   Section        0  defsig_rtmem_outer.o(.text)
    .text                                    0x080005e0   Section        0  sys_exit.o(.text)
    .text                                    0x080005ec   Section        2  use_no_semi.o(.text)
    .text                                    0x080005ee   Section        0  indicate_semi.o(.text)
    .text                                    0x080005ee   Section       74  sys_stackheap_outer.o(.text)
    .text                                    0x08000638   Section        0  defsig_exit.o(.text)
    .text                                    0x08000644   Section        0  defsig_rtmem_inner.o(.text)
    .text                                    0x08000694   Section        0  defsig_general.o(.text)
    .text                                    0x080006c6   Section        0  sys_wrch.o(.text)
    SVC_TABLE                                0x080006d4   Section        4  svc_table.o(SVC_TABLE)
    i.FSMC_NORSRAM_Extended_Timing_Init      0x080006d8   Section        0  stm32f2xx_ll_fsmc.o(i.FSMC_NORSRAM_Extended_Timing_Init)
    i.FSMC_NORSRAM_Init                      0x08000720   Section        0  stm32f2xx_ll_fsmc.o(i.FSMC_NORSRAM_Init)
    i.FSMC_NORSRAM_Timing_Init               0x08000778   Section        0  stm32f2xx_ll_fsmc.o(i.FSMC_NORSRAM_Timing_Init)
    i.GLCD_ClearScreen                       0x080007bc   Section        0  glcd_mcbstm32f200.o(i.GLCD_ClearScreen)
    i.GLCD_DrawHLine                         0x080007f8   Section        0  glcd_mcbstm32f200.o(i.GLCD_DrawHLine)
    i.GLCD_DrawRectangle                     0x08000834   Section        0  glcd_mcbstm32f200.o(i.GLCD_DrawRectangle)
    i.GLCD_DrawVLine                         0x08000870   Section        0  glcd_mcbstm32f200.o(i.GLCD_DrawVLine)
    i.GLCD_Initialize                        0x080008ac   Section        0  glcd_mcbstm32f200.o(i.GLCD_Initialize)
    i.GLCD_SetBackgroundColor                0x08000fe0   Section        0  glcd_mcbstm32f200.o(i.GLCD_SetBackgroundColor)
    i.GLCD_SetFont                           0x08000ff0   Section        0  glcd_mcbstm32f200.o(i.GLCD_SetFont)
    i.GLCD_SetForegroundColor                0x08001000   Section        0  glcd_mcbstm32f200.o(i.GLCD_SetForegroundColor)
    i.GLCD_SetWindow                         0x08001010   Section        0  glcd_mcbstm32f200.o(i.GLCD_SetWindow)
    GLCD_SetWindow                           0x08001011   Thumb Code   168  glcd_mcbstm32f200.o(i.GLCD_SetWindow)
    i.GUI_Thread                             0x080010bc   Section        0  thread.o(i.GUI_Thread)
    i.HAL_Delay                              0x08001150   Section        0  stm32f2xx_hal.o(i.HAL_Delay)
    i.HAL_GPIO_Init                          0x0800116c   Section        0  stm32f2xx_hal_gpio.o(i.HAL_GPIO_Init)
    i.HAL_GPIO_ReadPin                       0x08001378   Section        0  stm32f2xx_hal_gpio.o(i.HAL_GPIO_ReadPin)
    i.HAL_GPIO_TogglePin                     0x08001388   Section        0  stm32f2xx_hal_gpio.o(i.HAL_GPIO_TogglePin)
    i.HAL_GPIO_WritePin                      0x08001390   Section        0  stm32f2xx_hal_gpio.o(i.HAL_GPIO_WritePin)
    i.HAL_GetTick                            0x0800139c   Section        0  main.o(i.HAL_GetTick)
    i.HAL_Init                               0x080013a8   Section        0  stm32f2xx_hal.o(i.HAL_Init)
    i.HAL_InitTick                           0x080013e4   Section        0  stm32f2xx_hal.o(i.HAL_InitTick)
    i.HAL_MspInit                            0x08001408   Section        0  stm32f2xx_hal.o(i.HAL_MspInit)
    i.HAL_NVIC_SetPriority                   0x0800140a   Section        0  stm32f2xx_hal_cortex.o(i.HAL_NVIC_SetPriority)
    i.HAL_NVIC_SetPriorityGrouping           0x08001488   Section        0  stm32f2xx_hal_cortex.o(i.HAL_NVIC_SetPriorityGrouping)
    i.HAL_RCC_ClockConfig                    0x080014b0   Section        0  stm32f2xx_hal_rcc.o(i.HAL_RCC_ClockConfig)
    i.HAL_RCC_GetHCLKFreq                    0x08001704   Section        0  stm32f2xx_hal_rcc.o(i.HAL_RCC_GetHCLKFreq)
    i.HAL_RCC_GetSysClockFreq                0x0800173c   Section        0  stm32f2xx_hal_rcc.o(i.HAL_RCC_GetSysClockFreq)
    i.HAL_RCC_OscConfig                      0x080017f0   Section        0  stm32f2xx_hal_rcc.o(i.HAL_RCC_OscConfig)
    i.HAL_SRAM_Init                          0x08001bec   Section        0  stm32f2xx_hal_sram.o(i.HAL_SRAM_Init)
    i.HAL_SRAM_MspInit                       0x08001c44   Section        0  stm32f2xx_hal_sram.o(i.HAL_SRAM_MspInit)
    i.HAL_SYSTICK_CLKSourceConfig            0x08001c46   Section        0  stm32f2xx_hal_cortex.o(i.HAL_SYSTICK_CLKSourceConfig)
    i.HAL_SYSTICK_Config                     0x08001c6e   Section        0  stm32f2xx_hal_cortex.o(i.HAL_SYSTICK_Config)
    i.Init_Button                            0x08001ca4   Section        0  button.o(i.Init_Button)
    i.Init_Thread                            0x08001d58   Section        0  thread.o(i.Init_Thread)
    i.Print_square                           0x08001da0   Section        0  thread.o(i.Print_square)
    i.SystemClock_Config                     0x08001e14   Section        0  main.o(i.SystemClock_Config)
    SystemClock_Config                       0x08001e15   Thumb Code   110  main.o(i.SystemClock_Config)
    i.SystemCoreClockUpdate                  0x08001e84   Section        0  system_stm32f2xx.o(i.SystemCoreClockUpdate)
    i.SystemInit                             0x08001f44   Section        0  system_stm32f2xx.o(i.SystemInit)
    i.Thread_Task                            0x08001f98   Section        0  thread.o(i.Thread_Task)
    i.__NVIC_GetPriorityGrouping             0x080020b4   Section        0  stm32f2xx_hal_cortex.o(i.__NVIC_GetPriorityGrouping)
    __NVIC_GetPriorityGrouping               0x080020b5   Thumb Code    10  stm32f2xx_hal_cortex.o(i.__NVIC_GetPriorityGrouping)
    i.__NVIC_SetPriority                     0x080020c4   Section        0  stm32f2xx_hal_cortex.o(i.__NVIC_SetPriority)
    __NVIC_SetPriority                       0x080020c5   Thumb Code    32  stm32f2xx_hal_cortex.o(i.__NVIC_SetPriority)
    i._init_box                              0x080020ec   Section        0  rt_membox.o(i._init_box)
    i._mutex_acquire                         0x08002134   Section        0  rtx_conf_cm.o(i._mutex_acquire)
    __tagsym$$used                           0x08002135   Number         0  rtx_conf_cm.o(i._mutex_acquire)
    i._mutex_initialize                      0x08002154   Section        0  rtx_conf_cm.o(i._mutex_initialize)
    i._mutex_release                         0x08002180   Section        0  rtx_conf_cm.o(i._mutex_release)
    __tagsym$$used                           0x08002181   Number         0  rtx_conf_cm.o(i._mutex_release)
    i.dbg_init                               0x0800219c   Section        0  hal_cm.o(i.dbg_init)
    i.dbg_task_notify                        0x080021cc   Section        0  hal_cm.o(i.dbg_task_notify)
    i.dbg_task_switch                        0x080021ec   Section        0  hal_cm.o(i.dbg_task_switch)
    i.delay                                  0x080021fc   Section        0  thread.o(i.delay)
    i.delayBtn                               0x08002210   Section        0  thread.o(i.delayBtn)
    i.isrMessageGet                          0x08002224   Section        0  rt_cmsis.o(i.isrMessageGet)
    i.isrMessagePut                          0x0800224e   Section        0  rt_cmsis.o(i.isrMessagePut)
    i.isr_mbx_receive                        0x0800227c   Section        0  rt_mailbox.o(i.isr_mbx_receive)
    i.isr_mbx_send                           0x080022d2   Section        0  rt_mailbox.o(i.isr_mbx_send)
    i.main                                   0x080022e0   Section        0  main.o(i.main)
    i.osKernelInitialize                     0x08002324   Section        0  rt_cmsis.o(i.osKernelInitialize)
    i.osKernelStart                          0x08002348   Section        0  rt_cmsis.o(i.osKernelStart)
    i.osMessageGet                           0x080023b4   Section        0  rt_cmsis.o(i.osMessageGet)
    i.osThreadCreate                         0x080023cc   Section        0  rt_cmsis.o(i.osThreadCreate)
    i.osThreadExit                           0x080023f8   Section        0  rt_cmsis.o(i.osThreadExit)
    i.osTimerCall                            0x08002410   Section        0  rt_cmsis.o(i.osTimerCall)
    i.osTimerThread                          0x0800241c   Section        0  rt_cmsis.o(i.osTimerThread)
    i.os_error                               0x08002448   Section        0  rtx_conf_cm.o(i.os_error)
    i.os_idle_demon                          0x0800246a   Section        0  rtx_conf_cm.o(i.os_idle_demon)
    i.os_tick_init                           0x08002470   Section        0  rt_system.o(i.os_tick_init)
    i.os_tick_irqack                         0x08002498   Section        0  rt_system.o(i.os_tick_irqack)
    i.rt_alloc_box                           0x0800249a   Section        0  rt_membox.o(i.rt_alloc_box)
    i.rt_alloc_mem                           0x080024b4   Section        0  rt_memory.o(i.rt_alloc_mem)
    i.rt_block                               0x080024f4   Section        0  rt_task.o(i.rt_block)
    i.rt_chk_robin                           0x0800252c   Section        0  rt_robin.o(i.rt_chk_robin)
    i.rt_dec_dly                             0x08002574   Section        0  rt_list.o(i.rt_dec_dly)
    i.rt_dispatch                            0x080025e4   Section        0  rt_task.o(i.rt_dispatch)
    i.rt_evt_psh                             0x08002628   Section        0  rt_event.o(i.rt_evt_psh)
    i.rt_free_box                            0x08002678   Section        0  rt_membox.o(i.rt_free_box)
    i.rt_free_mem                            0x080026a4   Section        0  rt_memory.o(i.rt_free_mem)
    i.rt_get_first                           0x080026cc   Section        0  rt_list.o(i.rt_get_first)
    i.rt_id2obj                              0x080026f4   Section        0  rt_cmsis.o(i.rt_id2obj)
    rt_id2obj                                0x080026f5   Thumb Code     8  rt_cmsis.o(i.rt_id2obj)
    i.rt_init_context                        0x080026fc   Section        0  rt_task.o(i.rt_init_context)
    rt_init_context                          0x080026fd   Thumb Code    66  rt_task.o(i.rt_init_context)
    i.rt_init_mem                            0x08002744   Section        0  rt_memory.o(i.rt_init_mem)
    i.rt_init_robin                          0x08002760   Section        0  rt_robin.o(i.rt_init_robin)
    i.rt_init_stack                          0x08002778   Section        0  hal_cm.o(i.rt_init_stack)
    i.rt_mbx_check                           0x080027f8   Section        0  rt_mailbox.o(i.rt_mbx_check)
    i.rt_mbx_init                            0x08002800   Section        0  rt_mailbox.o(i.rt_mbx_init)
    i.rt_mbx_psh                             0x0800281c   Section        0  rt_mailbox.o(i.rt_mbx_psh)
    i.rt_mbx_wait                            0x0800290c   Section        0  rt_mailbox.o(i.rt_mbx_wait)
    i.rt_ms2tick                             0x080029c0   Section        0  rt_cmsis.o(i.rt_ms2tick)
    rt_ms2tick                               0x080029c1   Thumb Code    58  rt_cmsis.o(i.rt_ms2tick)
    i.rt_mut_init                            0x08002a04   Section        0  rt_mutex.o(i.rt_mut_init)
    i.rt_mut_release                         0x08002a14   Section        0  rt_mutex.o(i.rt_mut_release)
    i.rt_mut_wait                            0x08002aec   Section        0  rt_mutex.o(i.rt_mut_wait)
    i.rt_pop_req                             0x08002b64   Section        0  rt_system.o(i.rt_pop_req)
    i.rt_psh_req                             0x08002be0   Section        0  rt_system.o(i.rt_psh_req)
    i.rt_psq_enq                             0x08002c00   Section        0  rt_list.o(i.rt_psq_enq)
    i.rt_put_dly                             0x08002c5c   Section        0  rt_list.o(i.rt_put_dly)
    i.rt_put_prio                            0x08002ca4   Section        0  rt_list.o(i.rt_put_prio)
    i.rt_put_rdy_first                       0x08002cdc   Section        0  rt_list.o(i.rt_put_rdy_first)
    i.rt_resort_prio                         0x08002cf0   Section        0  rt_list.o(i.rt_resort_prio)
    i.rt_ret_val                             0x08002d24   Section        0  hal_cm.o(i.rt_ret_val)
    i.rt_ret_val2                            0x08002d2a   Section        0  hal_cm.o(i.rt_ret_val2)
    i.rt_rmv_dly                             0x08002d32   Section        0  rt_list.o(i.rt_rmv_dly)
    i.rt_rmv_list                            0x08002d5c   Section        0  rt_list.o(i.rt_rmv_list)
    i.rt_sem_psh                             0x08002d8c   Section        0  rt_semaphore.o(i.rt_sem_psh)
    i.rt_stk_check                           0x08002dc0   Section        0  rt_system.o(i.rt_stk_check)
    i.rt_switch_req                          0x08002de4   Section        0  rt_task.o(i.rt_switch_req)
    i.rt_sys_init                            0x08002e0c   Section        0  rt_task.o(i.rt_sys_init)
    i.rt_sys_start                           0x08002ed8   Section        0  rt_task.o(i.rt_sys_start)
    i.rt_systick                             0x08002f50   Section        0  rt_system.o(i.rt_systick)
    i.rt_tid2ptcb                            0x08002f90   Section        0  rt_cmsis.o(i.rt_tid2ptcb)
    rt_tid2ptcb                              0x08002f91   Thumb Code    18  rt_cmsis.o(i.rt_tid2ptcb)
    i.rt_timer_insert                        0x08002fa4   Section        0  rt_cmsis.o(i.rt_timer_insert)
    rt_timer_insert                          0x08002fa5   Thumb Code    48  rt_cmsis.o(i.rt_timer_insert)
    i.rt_tsk_create                          0x08002fd8   Section        0  rt_task.o(i.rt_tsk_create)
    i.rt_tsk_delete                          0x08003060   Section        0  rt_task.o(i.rt_tsk_delete)
    i.rt_tsk_prio                            0x080031dc   Section        0  rt_task.o(i.rt_tsk_prio)
    i.rt_tsk_self                            0x08003258   Section        0  rt_task.o(i.rt_tsk_self)
    i.svcKernelInitialize                    0x08003268   Section        0  rt_cmsis.o(i.svcKernelInitialize)
    i.svcKernelStart                         0x080032d8   Section        0  rt_cmsis.o(i.svcKernelStart)
    i.svcMessageCreate                       0x08003320   Section        0  rt_cmsis.o(i.svcMessageCreate)
    i.svcMessageGet                          0x08003344   Section        0  rt_cmsis.o(i.svcMessageGet)
    i.svcThreadCreate                        0x08003380   Section        0  rt_cmsis.o(i.svcThreadCreate)
    i.svcThreadGetId                         0x080033ec   Section        0  rt_cmsis.o(i.svcThreadGetId)
    i.svcThreadTerminate                     0x08003408   Section        0  rt_cmsis.o(i.svcThreadTerminate)
    i.svcTimerCall                           0x08003440   Section        0  rt_cmsis.o(i.svcTimerCall)
    i.sysTimerTick                           0x08003458   Section        0  rt_cmsis.o(i.sysTimerTick)
    i.wr_cmd                                 0x080034b4   Section        0  glcd_mcbstm32f200.o(i.wr_cmd)
    wr_cmd                                   0x080034b5   Thumb Code     8  glcd_mcbstm32f200.o(i.wr_cmd)
    i.wr_dat                                 0x080034bc   Section        0  glcd_mcbstm32f200.o(i.wr_dat)
    wr_dat                                   0x080034bd   Thumb Code     8  glcd_mcbstm32f200.o(i.wr_dat)
    i.wr_dat_only                            0x080034c4   Section        0  glcd_mcbstm32f200.o(i.wr_dat_only)
    wr_dat_only                              0x080034c5   Thumb Code     8  glcd_mcbstm32f200.o(i.wr_dat_only)
    i.wr_reg                                 0x080034cc   Section        0  glcd_mcbstm32f200.o(i.wr_reg)
    wr_reg                                   0x080034cd   Thumb Code    20  glcd_mcbstm32f200.o(i.wr_reg)
    .constdata                               0x080034e0   Section       32  thread.o(.constdata)
    .constdata                               0x08003500   Section     6304  glcd_fonts.o(.constdata)
    Font_6x8_h                               0x08003500   Data         896  glcd_fonts.o(.constdata)
    Font_16x24_h                             0x08003880   Data        5376  glcd_fonts.o(.constdata)
    .constdata                               0x08004da0   Section      104  rtx_conf_cm.o(.constdata)
    __tagsym$$used                           0x08004dbc   Number         0  rtx_conf_cm.o(.constdata)
    __tagsym$$used                           0x08004dc0   Number         0  rtx_conf_cm.o(.constdata)
    __tagsym$$used                           0x08004dc4   Number         0  rtx_conf_cm.o(.constdata)
    __tagsym$$used                           0x08004dc8   Number         0  rtx_conf_cm.o(.constdata)
    .constdata                               0x08004e08   Section       16  stm32f2xx_hal_rcc.o(.constdata)
    .constdata                               0x08004e18   Section       16  system_stm32f2xx.o(.constdata)
    .data                                    0x20000000   Section       20  thread.o(.data)
    .data                                    0x20000014   Section        9  glcd_mcbstm32f200.o(.data)
    foreground_color                         0x20000014   Data           2  glcd_mcbstm32f200.o(.data)
    background_color                         0x20000016   Data           2  glcd_mcbstm32f200.o(.data)
    active_font                              0x20000018   Data           4  glcd_mcbstm32f200.o(.data)
    Himax                                    0x2000001c   Data           1  glcd_mcbstm32f200.o(.data)
    .data                                    0x20000020   Section       20  rtx_conf_cm.o(.data)
    nr_mutex                                 0x20000030   Data           4  rtx_conf_cm.o(.data)
    .data                                    0x20000034   Section        4  system_stm32f2xx.o(.data)
    .data                                    0x20000038   Section        8  rt_cmsis.o(.data)
    .data                                    0x20000040   Section        8  rt_task.o(.data)
    .data                                    0x20000048   Section        4  rt_time.o(.data)
    .data                                    0x2000004c   Section        8  rt_system.o(.data)
    os_lock                                  0x2000004c   Data           1  rt_system.o(.data)
    os_psh_flag                              0x2000004d   Data           1  rt_system.o(.data)
    pend_flags                               0x2000004e   Data           1  rt_system.o(.data)
    .data                                    0x20000054   Section        8  rt_robin.o(.data)
    .data                                    0x2000005c   Section        1  hal_cm.o(.data)
    .bss                                     0x20000060   Section       68  glcd_mcbstm32f200.o(.bss)
    hsram4                                   0x20000060   Data          68  glcd_mcbstm32f200.o(.bss)
    .bss                                     0x200000a8   Section     3016  rtx_conf_cm.o(.bss)
    std_libspace                             0x20000950   Data         672  rtx_conf_cm.o(.bss)
    std_libmutex                             0x20000bf0   Data         128  rtx_conf_cm.o(.bss)
    .bss                                     0x20000c70   Section       52  rt_task.o(.bss)
    .bss                                     0x20000ca4   Section       48  rt_list.o(.bss)
    .bss                                     0x20000cd4   Section       96  libspace.o(.bss)
    HEAP                                     0x20000d38   Section      512  startup_stm32f207xx.o(HEAP)
    Heap_Mem                                 0x20000d38   Data         512  startup_stm32f207xx.o(HEAP)
    STACK                                    0x20000f38   Section     1024  startup_stm32f207xx.o(STACK)
    Stack_Mem                                0x20000f38   Data        1024  startup_stm32f207xx.o(STACK)
    __initial_sp                             0x20001338   Data           0  startup_stm32f207xx.o(STACK)

    Global Symbols

    Symbol Name                              Value     Ov Type        Size  Object(Section)

    BuildAttributes$$THM_ISAv4$P$D$K$B$S$PE$A:L22UL41UL21$X:L11$S22US41US21$IEEE1$IW$USESV6$~STKCKD$USESV7$~SHL$OTIME$ROPI$EBA8$UX$STANDARDLIB$REQ8$PRES8$EABIv2 0x00000000   Number         0  anon$$obj.o ABSOLUTE
    __ARM_use_no_argv                        0x00000000   Number         0  main.o ABSOLUTE
    __ARM_exceptions_init                     - Undefined Weak Reference
    __alloca_initialize                       - Undefined Weak Reference
    __arm_preinit_                            - Undefined Weak Reference
    __cpp_initialize__aeabi_                  - Undefined Weak Reference
    __cxa_finalize                            - Undefined Weak Reference
    __rt_locale                               - Undefined Weak Reference
    __sigvec_lookup                           - Undefined Weak Reference
    __user_heap_extent                        - Undefined Weak Reference
    _atexit_init                              - Undefined Weak Reference
    _call_atexit_fns                          - Undefined Weak Reference
    _clock_init                               - Undefined Weak Reference
    _fp_trap_init                             - Undefined Weak Reference
    _fp_trap_shutdown                         - Undefined Weak Reference
    _get_lc_collate                           - Undefined Weak Reference
    _get_lc_ctype                             - Undefined Weak Reference
    _get_lc_monetary                          - Undefined Weak Reference
    _get_lc_numeric                           - Undefined Weak Reference
    _get_lc_time                              - Undefined Weak Reference
    _getenv_init                              - Undefined Weak Reference
    _handle_redirection                       - Undefined Weak Reference
    _initio                                   - Undefined Weak Reference
    _mutex_free                               - Undefined Weak Reference
    _rand_init                                - Undefined Weak Reference
    _signal_finish                            - Undefined Weak Reference
    _signal_init                              - Undefined Weak Reference
    _terminateio                              - Undefined Weak Reference
    __Vectors_Size                           0x00000184   Number         0  startup_stm32f207xx.o ABSOLUTE
    __RL_RTX_VER                             0x00000482   Number         0  rt_system.o ABSOLUTE
    __Vectors                                0x08000000   Data           4  startup_stm32f207xx.o(RESET)
    __Vectors_End                            0x08000184   Data           0  startup_stm32f207xx.o(RESET)
    __main                                   0x08000185   Thumb Code     8  __main.o(!!!main)
    __scatterload                            0x0800018d   Thumb Code     0  __scatter.o(!!!scatter)
    __scatterload_rt2                        0x0800018d   Thumb Code    44  __scatter.o(!!!scatter)
    __scatterload_rt2_thumb_only             0x0800018d   Thumb Code     0  __scatter.o(!!!scatter)
    __scatterload_null                       0x0800019b   Thumb Code     0  __scatter.o(!!!scatter)
    __scatterload_copy                       0x080001c1   Thumb Code    26  __scatter_copy.o(!!handler_copy)
    __scatterload_zeroinit                   0x080001dd   Thumb Code    28  __scatter_zi.o(!!handler_zi)
    __rt_lib_init                            0x080001f9   Thumb Code     0  libinit.o(.ARM.Collect$$libinit$$00000000)
    __rt_lib_init_fp_1                       0x080001fb   Thumb Code     0  libinit2.o(.ARM.Collect$$libinit$$00000002)
    __rt_lib_init_heap_2                     0x080001fb   Thumb Code     0  libinit2.o(.ARM.Collect$$libinit$$00000005)
    __rt_lib_init_preinit_1                  0x080001fb   Thumb Code     0  libinit2.o(.ARM.Collect$$libinit$$00000004)
    __rt_lib_init_alloca_1                   0x08000203   Thumb Code     0  libinit2.o(.ARM.Collect$$libinit$$0000002E)
    __rt_lib_init_argv_1                     0x08000203   Thumb Code     0  libinit2.o(.ARM.Collect$$libinit$$0000002C)
    __rt_lib_init_atexit_1                   0x08000203   Thumb Code     0  libinit2.o(.ARM.Collect$$libinit$$0000001B)
    __rt_lib_init_clock_1                    0x08000203   Thumb Code     0  libinit2.o(.ARM.Collect$$libinit$$00000021)
    __rt_lib_init_cpp_1                      0x08000203   Thumb Code     0  libinit2.o(.ARM.Collect$$libinit$$00000032)
    __rt_lib_init_exceptions_1               0x08000203   Thumb Code     0  libinit2.o(.ARM.Collect$$libinit$$00000030)
    __rt_lib_init_fp_trap_1                  0x08000203   Thumb Code     0  libinit2.o(.ARM.Collect$$libinit$$0000001F)
    __rt_lib_init_getenv_1                   0x08000203   Thumb Code     0  libinit2.o(.ARM.Collect$$libinit$$00000023)
    __rt_lib_init_heap_1                     0x08000203   Thumb Code     0  libinit2.o(.ARM.Collect$$libinit$$0000000A)
    __rt_lib_init_lc_collate_1               0x08000203   Thumb Code     0  libinit2.o(.ARM.Collect$$libinit$$00000011)
    __rt_lib_init_lc_ctype_1                 0x08000203   Thumb Code     0  libinit2.o(.ARM.Collect$$libinit$$00000013)
    __rt_lib_init_lc_monetary_1              0x08000203   Thumb Code     0  libinit2.o(.ARM.Collect$$libinit$$00000015)
    __rt_lib_init_lc_numeric_1               0x08000203   Thumb Code     0  libinit2.o(.ARM.Collect$$libinit$$00000017)
    __rt_lib_init_lc_time_1                  0x08000203   Thumb Code     0  libinit2.o(.ARM.Collect$$libinit$$00000019)
    __rt_lib_init_rand_1                     0x08000203   Thumb Code     0  libinit2.o(.ARM.Collect$$libinit$$0000000E)
    __rt_lib_init_return                     0x08000203   Thumb Code     0  libinit2.o(.ARM.Collect$$libinit$$00000033)
    __rt_lib_init_signal_1                   0x08000203   Thumb Code     0  libinit2.o(.ARM.Collect$$libinit$$0000001D)
    __rt_lib_init_stdio_1                    0x08000203   Thumb Code     0  libinit2.o(.ARM.Collect$$libinit$$00000025)
    __rt_lib_init_user_alloc_1               0x08000203   Thumb Code     0  libinit2.o(.ARM.Collect$$libinit$$0000000C)
    __rt_lib_shutdown                        0x08000205   Thumb Code     0  libshutdown.o(.ARM.Collect$$libshutdown$$00000000)
    __rt_lib_shutdown_fp_trap_1              0x08000207   Thumb Code     0  libshutdown2.o(.ARM.Collect$$libshutdown$$00000006)
    __rt_lib_shutdown_heap_1                 0x08000207   Thumb Code     0  libshutdown2.o(.ARM.Collect$$libshutdown$$0000000E)
    __rt_lib_shutdown_return                 0x08000207   Thumb Code     0  libshutdown2.o(.ARM.Collect$$libshutdown$$0000000F)
    __rt_lib_shutdown_signal_1               0x08000207   Thumb Code     0  libshutdown2.o(.ARM.Collect$$libshutdown$$00000009)
    __rt_lib_shutdown_stdio_1                0x08000207   Thumb Code     0  libshutdown2.o(.ARM.Collect$$libshutdown$$00000003)
    __rt_lib_shutdown_user_alloc_1           0x08000207   Thumb Code     0  libshutdown2.o(.ARM.Collect$$libshutdown$$0000000B)
    __rt_entry                               0x08000209   Thumb Code     0  __rtentry.o(.ARM.Collect$$rtentry$$00000000)
    __rt_entry_presh_1                       0x08000209   Thumb Code     0  __rtentry2.o(.ARM.Collect$$rtentry$$00000002)
    __rt_entry_sh                            0x08000209   Thumb Code     0  __rtentry4.o(.ARM.Collect$$rtentry$$00000004)
    __rt_entry_li                            0x0800020f   Thumb Code     0  __rtentry2.o(.ARM.Collect$$rtentry$$0000000A)
    __rt_entry_postsh_1                      0x0800020f   Thumb Code     0  __rtentry2.o(.ARM.Collect$$rtentry$$00000009)
    __rt_entry_postli_1                      0x08000213   Thumb Code     0  __rtentry2.o(.ARM.Collect$$rtentry$$0000000B)
    __rt_entry_main                          0x0800021b   Thumb Code     0  __rtentry2.o(.ARM.Collect$$rtentry$$0000000D)
    __rt_exit                                0x08000223   Thumb Code     0  rtexit.o(.ARM.Collect$$rtexit$$00000000)
    __rt_exit_ls                             0x08000225   Thumb Code     0  rtexit2.o(.ARM.Collect$$rtexit$$00000003)
    __rt_exit_prels_1                        0x08000225   Thumb Code     0  rtexit2.o(.ARM.Collect$$rtexit$$00000002)
    __rt_exit_exit                           0x08000229   Thumb Code     0  rtexit2.o(.ARM.Collect$$rtexit$$00000004)
    _platform_post_lib_init                  0x08000231   Thumb Code    24  rtx_conf_cm.o(.emb_text)
    rt_set_PSP                               0x0800024d   Thumb Code     6  hal_cm3.o(.emb_text)
    rt_get_PSP                               0x08000253   Thumb Code     6  hal_cm3.o(.emb_text)
    os_set_env                               0x08000259   Thumb Code    24  hal_cm3.o(.emb_text)
    _alloc_box                               0x08000275   Thumb Code    28  hal_cm3.o(.emb_text)
    _free_box                                0x08000295   Thumb Code    28  hal_cm3.o(.emb_text)
    SVC_Handler                              0x080002b5   Thumb Code   108  hal_cm3.o(.emb_text)
    PendSV_Handler                           0x0800032d   Thumb Code    56  hal_cm3.o(.emb_text)
    SysTick_Handler                          0x08000369   Thumb Code     8  hal_cm3.o(.emb_text)
    OS_Tick_Handler                          0x08000371   Thumb Code    12  hal_cm3.o(.emb_text)
    Reset_Handler                            0x0800037d   Thumb Code     8  startup_stm32f207xx.o(.text)
    _maybe_terminate_alloc                   0x0800037d   Thumb Code     0  maybetermalloc1.o(.emb_text)
    NMI_Handler                              0x08000385   Thumb Code     2  startup_stm32f207xx.o(.text)
    HardFault_Handler                        0x08000387   Thumb Code     2  startup_stm32f207xx.o(.text)
    MemManage_Handler                        0x08000389   Thumb Code     2  startup_stm32f207xx.o(.text)
    BusFault_Handler                         0x0800038b   Thumb Code     2  startup_stm32f207xx.o(.text)
    UsageFault_Handler                       0x0800038d   Thumb Code     2  startup_stm32f207xx.o(.text)
    DebugMon_Handler                         0x08000391   Thumb Code     2  startup_stm32f207xx.o(.text)
    ADC_IRQHandler                           0x08000397   Thumb Code     0  startup_stm32f207xx.o(.text)
    CAN1_RX0_IRQHandler                      0x08000397   Thumb Code     0  startup_stm32f207xx.o(.text)
    CAN1_RX1_IRQHandler                      0x08000397   Thumb Code     0  startup_stm32f207xx.o(.text)
    CAN1_SCE_IRQHandler                      0x08000397   Thumb Code     0  startup_stm32f207xx.o(.text)
    CAN1_TX_IRQHandler                       0x08000397   Thumb Code     0  startup_stm32f207xx.o(.text)
    CAN2_RX0_IRQHandler                      0x08000397   Thumb Code     0  startup_stm32f207xx.o(.text)
    CAN2_RX1_IRQHandler                      0x08000397   Thumb Code     0  startup_stm32f207xx.o(.text)
    CAN2_SCE_IRQHandler                      0x08000397   Thumb Code     0  startup_stm32f207xx.o(.text)
    CAN2_TX_IRQHandler                       0x08000397   Thumb Code     0  startup_stm32f207xx.o(.text)
    DCMI_IRQHandler                          0x08000397   Thumb Code     0  startup_stm32f207xx.o(.text)
    DMA1_Stream0_IRQHandler                  0x08000397   Thumb Code     0  startup_stm32f207xx.o(.text)
    DMA1_Stream1_IRQHandler                  0x08000397   Thumb Code     0  startup_stm32f207xx.o(.text)
    DMA1_Stream2_IRQHandler                  0x08000397   Thumb Code     0  startup_stm32f207xx.o(.text)
    DMA1_Stream3_IRQHandler                  0x08000397   Thumb Code     0  startup_stm32f207xx.o(.text)
    DMA1_Stream4_IRQHandler                  0x08000397   Thumb Code     0  startup_stm32f207xx.o(.text)
    DMA1_Stream5_IRQHandler                  0x08000397   Thumb Code     0  startup_stm32f207xx.o(.text)
    DMA1_Stream6_IRQHandler                  0x08000397   Thumb Code     0  startup_stm32f207xx.o(.text)
    DMA1_Stream7_IRQHandler                  0x08000397   Thumb Code     0  startup_stm32f207xx.o(.text)
    DMA2_Stream0_IRQHandler                  0x08000397   Thumb Code     0  startup_stm32f207xx.o(.text)
    DMA2_Stream1_IRQHandler                  0x08000397   Thumb Code     0  startup_stm32f207xx.o(.text)
    DMA2_Stream2_IRQHandler                  0x08000397   Thumb Code     0  startup_stm32f207xx.o(.text)
    DMA2_Stream3_IRQHandler                  0x08000397   Thumb Code     0  startup_stm32f207xx.o(.text)
    DMA2_Stream4_IRQHandler                  0x08000397   Thumb Code     0  startup_stm32f207xx.o(.text)
    DMA2_Stream5_IRQHandler                  0x08000397   Thumb Code     0  startup_stm32f207xx.o(.text)
    DMA2_Stream6_IRQHandler                  0x08000397   Thumb Code     0  startup_stm32f207xx.o(.text)
    DMA2_Stream7_IRQHandler                  0x08000397   Thumb Code     0  startup_stm32f207xx.o(.text)
    ETH_IRQHandler                           0x08000397   Thumb Code     0  startup_stm32f207xx.o(.text)
    ETH_WKUP_IRQHandler                      0x08000397   Thumb Code     0  startup_stm32f207xx.o(.text)
    EXTI0_IRQHandler                         0x08000397   Thumb Code     0  startup_stm32f207xx.o(.text)
    EXTI15_10_IRQHandler                     0x08000397   Thumb Code     0  startup_stm32f207xx.o(.text)
    EXTI1_IRQHandler                         0x08000397   Thumb Code     0  startup_stm32f207xx.o(.text)
    EXTI2_IRQHandler                         0x08000397   Thumb Code     0  startup_stm32f207xx.o(.text)
    EXTI3_IRQHandler                         0x08000397   Thumb Code     0  startup_stm32f207xx.o(.text)
    EXTI4_IRQHandler                         0x08000397   Thumb Code     0  startup_stm32f207xx.o(.text)
    EXTI9_5_IRQHandler                       0x08000397   Thumb Code     0  startup_stm32f207xx.o(.text)
    FLASH_IRQHandler                         0x08000397   Thumb Code     0  startup_stm32f207xx.o(.text)
    FSMC_IRQHandler                          0x08000397   Thumb Code     0  startup_stm32f207xx.o(.text)
    HASH_RNG_IRQHandler                      0x08000397   Thumb Code     0  startup_stm32f207xx.o(.text)
    I2C1_ER_IRQHandler                       0x08000397   Thumb Code     0  startup_stm32f207xx.o(.text)
    I2C1_EV_IRQHandler                       0x08000397   Thumb Code     0  startup_stm32f207xx.o(.text)
    I2C2_ER_IRQHandler                       0x08000397   Thumb Code     0  startup_stm32f207xx.o(.text)
    I2C2_EV_IRQHandler                       0x08000397   Thumb Code     0  startup_stm32f207xx.o(.text)
    I2C3_ER_IRQHandler                       0x08000397   Thumb Code     0  startup_stm32f207xx.o(.text)
    I2C3_EV_IRQHandler                       0x08000397   Thumb Code     0  startup_stm32f207xx.o(.text)
    OTG_FS_IRQHandler                        0x08000397   Thumb Code     0  startup_stm32f207xx.o(.text)
    OTG_FS_WKUP_IRQHandler                   0x08000397   Thumb Code     0  startup_stm32f207xx.o(.text)
    OTG_HS_EP1_IN_IRQHandler                 0x08000397   Thumb Code     0  startup_stm32f207xx.o(.text)
    OTG_HS_EP1_OUT_IRQHandler                0x08000397   Thumb Code     0  startup_stm32f207xx.o(.text)
    OTG_HS_IRQHandler                        0x08000397   Thumb Code     0  startup_stm32f207xx.o(.text)
    OTG_HS_WKUP_IRQHandler                   0x08000397   Thumb Code     0  startup_stm32f207xx.o(.text)
    PVD_IRQHandler                           0x08000397   Thumb Code     0  startup_stm32f207xx.o(.text)
    RCC_IRQHandler                           0x08000397   Thumb Code     0  startup_stm32f207xx.o(.text)
    RTC_Alarm_IRQHandler                     0x08000397   Thumb Code     0  startup_stm32f207xx.o(.text)
    RTC_WKUP_IRQHandler                      0x08000397   Thumb Code     0  startup_stm32f207xx.o(.text)
    SDIO_IRQHandler                          0x08000397   Thumb Code     0  startup_stm32f207xx.o(.text)
    SPI1_IRQHandler                          0x08000397   Thumb Code     0  startup_stm32f207xx.o(.text)
    SPI2_IRQHandler                          0x08000397   Thumb Code     0  startup_stm32f207xx.o(.text)
    SPI3_IRQHandler                          0x08000397   Thumb Code     0  startup_stm32f207xx.o(.text)
    TAMP_STAMP_IRQHandler                    0x08000397   Thumb Code     0  startup_stm32f207xx.o(.text)
    TIM1_BRK_TIM9_IRQHandler                 0x08000397   Thumb Code     0  startup_stm32f207xx.o(.text)
    TIM1_CC_IRQHandler                       0x08000397   Thumb Code     0  startup_stm32f207xx.o(.text)
    TIM1_TRG_COM_TIM11_IRQHandler            0x08000397   Thumb Code     0  startup_stm32f207xx.o(.text)
    TIM1_UP_TIM10_IRQHandler                 0x08000397   Thumb Code     0  startup_stm32f207xx.o(.text)
    TIM2_IRQHandler                          0x08000397   Thumb Code     0  startup_stm32f207xx.o(.text)
    TIM3_IRQHandler                          0x08000397   Thumb Code     0  startup_stm32f207xx.o(.text)
    TIM4_IRQHandler                          0x08000397   Thumb Code     0  startup_stm32f207xx.o(.text)
    TIM5_IRQHandler                          0x08000397   Thumb Code     0  startup_stm32f207xx.o(.text)
    TIM6_DAC_IRQHandler                      0x08000397   Thumb Code     0  startup_stm32f207xx.o(.text)
    TIM7_IRQHandler                          0x08000397   Thumb Code     0  startup_stm32f207xx.o(.text)
    TIM8_BRK_TIM12_IRQHandler                0x08000397   Thumb Code     0  startup_stm32f207xx.o(.text)
    TIM8_CC_IRQHandler                       0x08000397   Thumb Code     0  startup_stm32f207xx.o(.text)
    TIM8_TRG_COM_TIM14_IRQHandler            0x08000397   Thumb Code     0  startup_stm32f207xx.o(.text)
    TIM8_UP_TIM13_IRQHandler                 0x08000397   Thumb Code     0  startup_stm32f207xx.o(.text)
    UART4_IRQHandler                         0x08000397   Thumb Code     0  startup_stm32f207xx.o(.text)
    UART5_IRQHandler                         0x08000397   Thumb Code     0  startup_stm32f207xx.o(.text)
    USART1_IRQHandler                        0x08000397   Thumb Code     0  startup_stm32f207xx.o(.text)
    USART2_IRQHandler                        0x08000397   Thumb Code     0  startup_stm32f207xx.o(.text)
    USART3_IRQHandler                        0x08000397   Thumb Code     0  startup_stm32f207xx.o(.text)
    USART6_IRQHandler                        0x08000397   Thumb Code     0  startup_stm32f207xx.o(.text)
    WWDG_IRQHandler                          0x08000397   Thumb Code     0  startup_stm32f207xx.o(.text)
    __user_initial_stackheap                 0x08000399   Thumb Code     0  startup_stm32f207xx.o(.text)
    __user_libspace                          0x080003bd   Thumb Code     8  libspace.o(.text)
    __user_perproc_libspace                  0x080003bd   Thumb Code     0  libspace.o(.text)
    _malloc_internal                         0x080003cd   Thumb Code   130  h1_alloc_mt.o(.text)
    malloc                                   0x0800044f   Thumb Code    20  h1_alloc_mt.o(.text)
    exit                                     0x08000463   Thumb Code    12  exit.o(.text)
    __use_two_region_memory                  0x0800046f   Thumb Code     2  heapauxi.o(.text)
    __rt_heap_escrow                         0x08000471   Thumb Code     2  heapauxi.o(.text)
    __rt_heap_expand                         0x08000473   Thumb Code     2  heapauxi.o(.text)
    __rt_heap_descriptor                     0x08000475   Thumb Code    10  rt_heap_descriptor_twolibspace.o(.text)
    __use_no_heap                            0x0800047f   Thumb Code     2  hguard.o(.text)
    __heap$guard                             0x08000481   Thumb Code     2  hguard.o(.text)
    _terminate_user_alloc                    0x08000483   Thumb Code     2  init_alloc.o(.text)
    _init_user_alloc                         0x08000485   Thumb Code     2  init_alloc.o(.text)
    __Heap_Full                              0x08000487   Thumb Code    34  init_alloc.o(.text)
    __Heap_Broken                            0x080004a9   Thumb Code     6  init_alloc.o(.text)
    _init_alloc                              0x080004af   Thumb Code    94  init_alloc.o(.text)
    __Heap_Initialize                        0x0800050d   Thumb Code    14  h1_init_mt.o(.text)
    __Heap_DescSize                          0x0800051b   Thumb Code     4  h1_init_mt.o(.text)
    _free_internal                           0x0800051f   Thumb Code    98  h1_free_mt.o(.text)
    free                                     0x08000581   Thumb Code    20  h1_free_mt.o(.text)
    __Heap_ProvideMemory                     0x08000595   Thumb Code    62  h1_extend_mt.o(.text)
    __rt_SIGRTMEM                            0x080005d3   Thumb Code    14  defsig_rtmem_outer.o(.text)
    _sys_exit                                0x080005e1   Thumb Code     8  sys_exit.o(.text)
    __I$use$semihosting                      0x080005ed   Thumb Code     0  use_no_semi.o(.text)
    __use_no_semihosting_swi                 0x080005ed   Thumb Code     2  use_no_semi.o(.text)
    __semihosting_library_function           0x080005ef   Thumb Code     0  indicate_semi.o(.text)
    __user_setup_stackheap                   0x080005ef   Thumb Code    74  sys_stackheap_outer.o(.text)
    __sig_exit                               0x08000639   Thumb Code    10  defsig_exit.o(.text)
    __rt_SIGRTMEM_inner                      0x08000645   Thumb Code    22  defsig_rtmem_inner.o(.text)
    __default_signal_display                 0x08000695   Thumb Code    50  defsig_general.o(.text)
    _ttywrch                                 0x080006c7   Thumb Code    14  sys_wrch.o(.text)
    SVC_Count                                0x080006d4   Data           4  svc_table.o(SVC_TABLE)
    FSMC_NORSRAM_Extended_Timing_Init        0x080006d9   Thumb Code    66  stm32f2xx_ll_fsmc.o(i.FSMC_NORSRAM_Extended_Timing_Init)
    SVC_Table                                0x080006d8   Data           0  svc_table.o(SVC_TABLE)
    FSMC_NORSRAM_Init                        0x08000721   Thumb Code    84  stm32f2xx_ll_fsmc.o(i.FSMC_NORSRAM_Init)
    FSMC_NORSRAM_Timing_Init                 0x08000779   Thumb Code    68  stm32f2xx_ll_fsmc.o(i.FSMC_NORSRAM_Timing_Init)
    GLCD_ClearScreen                         0x080007bd   Thumb Code    54  glcd_mcbstm32f200.o(i.GLCD_ClearScreen)
    GLCD_DrawHLine                           0x080007f9   Thumb Code    54  glcd_mcbstm32f200.o(i.GLCD_DrawHLine)
    GLCD_DrawRectangle                       0x08000835   Thumb Code    58  glcd_mcbstm32f200.o(i.GLCD_DrawRectangle)
    GLCD_DrawVLine                           0x08000871   Thumb Code    54  glcd_mcbstm32f200.o(i.GLCD_DrawVLine)
    GLCD_Initialize                          0x080008ad   Thumb Code  1838  glcd_mcbstm32f200.o(i.GLCD_Initialize)
    GLCD_SetBackgroundColor                  0x08000fe1   Thumb Code    10  glcd_mcbstm32f200.o(i.GLCD_SetBackgroundColor)
    GLCD_SetFont                             0x08000ff1   Thumb Code    10  glcd_mcbstm32f200.o(i.GLCD_SetFont)
    GLCD_SetForegroundColor                  0x08001001   Thumb Code    10  glcd_mcbstm32f200.o(i.GLCD_SetForegroundColor)
    GUI_Thread                               0x080010bd   Thumb Code   136  thread.o(i.GUI_Thread)
    HAL_Delay                                0x08001151   Thumb Code    26  stm32f2xx_hal.o(i.HAL_Delay)
    HAL_GPIO_Init                            0x0800116d   Thumb Code   476  stm32f2xx_hal_gpio.o(i.HAL_GPIO_Init)
    HAL_GPIO_ReadPin                         0x08001379   Thumb Code    16  stm32f2xx_hal_gpio.o(i.HAL_GPIO_ReadPin)
    HAL_GPIO_TogglePin                       0x08001389   Thumb Code     8  stm32f2xx_hal_gpio.o(i.HAL_GPIO_TogglePin)
    HAL_GPIO_WritePin                        0x08001391   Thumb Code    12  stm32f2xx_hal_gpio.o(i.HAL_GPIO_WritePin)
    HAL_GetTick                              0x0800139d   Thumb Code     6  main.o(i.HAL_GetTick)
    HAL_Init                                 0x080013a9   Thumb Code    54  stm32f2xx_hal.o(i.HAL_Init)
    HAL_InitTick                             0x080013e5   Thumb Code    36  stm32f2xx_hal.o(i.HAL_InitTick)
    HAL_MspInit                              0x08001409   Thumb Code     2  stm32f2xx_hal.o(i.HAL_MspInit)
    HAL_NVIC_SetPriority                     0x0800140b   Thumb Code   124  stm32f2xx_hal_cortex.o(i.HAL_NVIC_SetPriority)
    HAL_NVIC_SetPriorityGrouping             0x08001489   Thumb Code    32  stm32f2xx_hal_cortex.o(i.HAL_NVIC_SetPriorityGrouping)
    HAL_RCC_ClockConfig                      0x080014b1   Thumb Code   588  stm32f2xx_hal_rcc.o(i.HAL_RCC_ClockConfig)
    HAL_RCC_GetHCLKFreq                      0x08001705   Thumb Code    42  stm32f2xx_hal_rcc.o(i.HAL_RCC_GetHCLKFreq)
    HAL_RCC_GetSysClockFreq                  0x0800173d   Thumb Code   168  stm32f2xx_hal_rcc.o(i.HAL_RCC_GetSysClockFreq)
    HAL_RCC_OscConfig                        0x080017f1   Thumb Code  1002  stm32f2xx_hal_rcc.o(i.HAL_RCC_OscConfig)
    HAL_SRAM_Init                            0x08001bed   Thumb Code    88  stm32f2xx_hal_sram.o(i.HAL_SRAM_Init)
    HAL_SRAM_MspInit                         0x08001c45   Thumb Code     2  stm32f2xx_hal_sram.o(i.HAL_SRAM_MspInit)
    HAL_SYSTICK_CLKSourceConfig              0x08001c47   Thumb Code    40  stm32f2xx_hal_cortex.o(i.HAL_SYSTICK_CLKSourceConfig)
    HAL_SYSTICK_Config                       0x08001c6f   Thumb Code    52  stm32f2xx_hal_cortex.o(i.HAL_SYSTICK_Config)
    Init_Button                              0x08001ca5   Thumb Code   164  button.o(i.Init_Button)
    Init_Thread                              0x08001d59   Thumb Code    54  thread.o(i.Init_Thread)
    Print_square                             0x08001da1   Thumb Code   116  thread.o(i.Print_square)
    SystemCoreClockUpdate                    0x08001e85   Thumb Code   170  system_stm32f2xx.o(i.SystemCoreClockUpdate)
    SystemInit                               0x08001f45   Thumb Code    68  system_stm32f2xx.o(i.SystemInit)
    Thread_Task                              0x08001f99   Thumb Code   264  thread.o(i.Thread_Task)
    _init_box                                0x080020ed   Thumb Code    70  rt_membox.o(i._init_box)
    _mutex_acquire                           0x08002135   Thumb Code    22  rtx_conf_cm.o(i._mutex_acquire)
    _mutex_initialize                        0x08002155   Thumb Code    34  rtx_conf_cm.o(i._mutex_initialize)
    _mutex_release                           0x08002181   Thumb Code    18  rtx_conf_cm.o(i._mutex_release)
    dbg_init                                 0x0800219d   Thumb Code    34  hal_cm.o(i.dbg_init)
    dbg_task_notify                          0x080021cd   Thumb Code    32  hal_cm.o(i.dbg_task_notify)
    dbg_task_switch                          0x080021ed   Thumb Code    16  hal_cm.o(i.dbg_task_switch)
    delay                                    0x080021fd   Thumb Code    14  thread.o(i.delay)
    delayBtn                                 0x08002211   Thumb Code    14  thread.o(i.delayBtn)
    isrMessageGet                            0x08002225   Thumb Code    42  rt_cmsis.o(i.isrMessageGet)
    isrMessagePut                            0x0800224f   Thumb Code    44  rt_cmsis.o(i.isrMessagePut)
    isr_mbx_receive                          0x0800227d   Thumb Code    86  rt_mailbox.o(i.isr_mbx_receive)
    isr_mbx_send                             0x080022d3   Thumb Code    14  rt_mailbox.o(i.isr_mbx_send)
    main                                     0x080022e1   Thumb Code    62  main.o(i.main)
    osKernelInitialize                       0x08002325   Thumb Code    30  rt_cmsis.o(i.osKernelInitialize)
    osKernelStart                            0x08002349   Thumb Code    98  rt_cmsis.o(i.osKernelStart)
    osMessageGet                             0x080023b5   Thumb Code    18  rt_cmsis.o(i.osMessageGet)
    osThreadCreate                           0x080023cd   Thumb Code    36  rt_cmsis.o(i.osThreadCreate)
    osThreadExit                             0x080023f9   Thumb Code    14  rt_cmsis.o(i.osThreadExit)
    osTimerCall                              0x08002411   Thumb Code     8  rt_cmsis.o(i.osTimerCall)
    osTimerThread                            0x0800241d   Thumb Code    38  rt_cmsis.o(i.osTimerThread)
    os_error                                 0x08002449   Thumb Code    34  rtx_conf_cm.o(i.os_error)
    os_idle_demon                            0x0800246b   Thumb Code     4  rtx_conf_cm.o(i.os_idle_demon)
    os_tick_init                             0x08002471   Thumb Code    32  rt_system.o(i.os_tick_init)
    os_tick_irqack                           0x08002499   Thumb Code     2  rt_system.o(i.os_tick_irqack)
    rt_alloc_box                             0x0800249b   Thumb Code    26  rt_membox.o(i.rt_alloc_box)
    rt_alloc_mem                             0x080024b5   Thumb Code    62  rt_memory.o(i.rt_alloc_mem)
    rt_block                                 0x080024f5   Thumb Code    48  rt_task.o(i.rt_block)
    rt_chk_robin                             0x0800252d   Thumb Code    60  rt_robin.o(i.rt_chk_robin)
    rt_dec_dly                               0x08002575   Thumb Code   102  rt_list.o(i.rt_dec_dly)
    rt_dispatch                              0x080025e5   Thumb Code    60  rt_task.o(i.rt_dispatch)
    rt_evt_psh                               0x08002629   Thumb Code    76  rt_event.o(i.rt_evt_psh)
    rt_free_box                              0x08002679   Thumb Code    44  rt_membox.o(i.rt_free_box)
    rt_free_mem                              0x080026a5   Thumb Code    40  rt_memory.o(i.rt_free_mem)
    rt_get_first                             0x080026cd   Thumb Code    40  rt_list.o(i.rt_get_first)
    rt_init_mem                              0x08002745   Thumb Code    26  rt_memory.o(i.rt_init_mem)
    rt_init_robin                            0x08002761   Thumb Code    14  rt_robin.o(i.rt_init_robin)
    rt_init_stack                            0x08002779   Thumb Code   118  hal_cm.o(i.rt_init_stack)
    rt_mbx_check                             0x080027f9   Thumb Code     8  rt_mailbox.o(i.rt_mbx_check)
    rt_mbx_init                              0x08002801   Thumb Code    26  rt_mailbox.o(i.rt_mbx_init)
    rt_mbx_psh                               0x0800281d   Thumb Code   236  rt_mailbox.o(i.rt_mbx_psh)
    rt_mbx_wait                              0x0800290d   Thumb Code   174  rt_mailbox.o(i.rt_mbx_wait)
    rt_mut_init                              0x08002a05   Thumb Code    16  rt_mutex.o(i.rt_mut_init)
    rt_mut_release                           0x08002a15   Thumb Code   208  rt_mutex.o(i.rt_mut_release)
    rt_mut_wait                              0x08002aed   Thumb Code   114  rt_mutex.o(i.rt_mut_wait)
    rt_pop_req                               0x08002b65   Thumb Code   112  rt_system.o(i.rt_pop_req)
    rt_psh_req                               0x08002be1   Thumb Code    22  rt_system.o(i.rt_psh_req)
    rt_psq_enq                               0x08002c01   Thumb Code    88  rt_list.o(i.rt_psq_enq)
    rt_put_dly                               0x08002c5d   Thumb Code    68  rt_list.o(i.rt_put_dly)
    rt_put_prio                              0x08002ca5   Thumb Code    54  rt_list.o(i.rt_put_prio)
    rt_put_rdy_first                         0x08002cdd   Thumb Code    14  rt_list.o(i.rt_put_rdy_first)
    rt_resort_prio                           0x08002cf1   Thumb Code    46  rt_list.o(i.rt_resort_prio)
    rt_ret_val                               0x08002d25   Thumb Code     6  hal_cm.o(i.rt_ret_val)
    rt_ret_val2                              0x08002d2b   Thumb Code     8  hal_cm.o(i.rt_ret_val2)
    rt_rmv_dly                               0x08002d33   Thumb Code    40  rt_list.o(i.rt_rmv_dly)
    rt_rmv_list                              0x08002d5d   Thumb Code    44  rt_list.o(i.rt_rmv_list)
    rt_sem_psh                               0x08002d8d   Thumb Code    48  rt_semaphore.o(i.rt_sem_psh)
    rt_stk_check                             0x08002dc1   Thumb Code    28  rt_system.o(i.rt_stk_check)
    rt_switch_req                            0x08002de5   Thumb Code    30  rt_task.o(i.rt_switch_req)
    rt_sys_init                              0x08002e0d   Thumb Code   138  rt_task.o(i.rt_sys_init)
    rt_sys_start                             0x08002ed9   Thumb Code   110  rt_task.o(i.rt_sys_start)
    rt_systick                               0x08002f51   Thumb Code    50  rt_system.o(i.rt_systick)
    rt_tsk_create                            0x08002fd9   Thumb Code   118  rt_task.o(i.rt_tsk_create)
    rt_tsk_delete                            0x08003061   Thumb Code   352  rt_task.o(i.rt_tsk_delete)
    rt_tsk_prio                              0x080031dd   Thumb Code   108  rt_task.o(i.rt_tsk_prio)
    rt_tsk_self                              0x08003259   Thumb Code    12  rt_task.o(i.rt_tsk_self)
    svcKernelInitialize                      0x08003269   Thumb Code    80  rt_cmsis.o(i.svcKernelInitialize)
    svcKernelStart                           0x080032d9   Thumb Code    62  rt_cmsis.o(i.svcKernelStart)
    svcMessageCreate                         0x08003321   Thumb Code    36  rt_cmsis.o(i.svcMessageCreate)
    svcMessageGet                            0x08003345   Thumb Code    58  rt_cmsis.o(i.svcMessageGet)
    svcThreadCreate                          0x08003381   Thumb Code    96  rt_cmsis.o(i.svcThreadCreate)
    svcThreadGetId                           0x080033ed   Thumb Code    22  rt_cmsis.o(i.svcThreadGetId)
    svcThreadTerminate                       0x08003409   Thumb Code    50  rt_cmsis.o(i.svcThreadTerminate)
    svcTimerCall                             0x08003441   Thumb Code    24  rt_cmsis.o(i.svcTimerCall)
    sysTimerTick                             0x08003459   Thumb Code    84  rt_cmsis.o(i.sysTimerTick)
    os_thread_def_Thread_Task                0x080034e0   Data          16  thread.o(.constdata)
    os_thread_def_GUI_Thread                 0x080034f0   Data          16  thread.o(.constdata)
    GLCD_Font_6x8                            0x08004d80   Data          16  glcd_fonts.o(.constdata)
    GLCD_Font_16x24                          0x08004d90   Data          16  glcd_fonts.o(.constdata)
    os_maxtaskrun                            0x08004da0   Data           2  rtx_conf_cm.o(.constdata)
    os_stackinfo                             0x08004da4   Data           4  rtx_conf_cm.o(.constdata)
    os_rrobin                                0x08004da8   Data           4  rtx_conf_cm.o(.constdata)
    os_tickfreq                              0x08004dac   Data           4  rtx_conf_cm.o(.constdata)
    os_tickus_i                              0x08004db0   Data           2  rtx_conf_cm.o(.constdata)
    os_tickus_f                              0x08004db2   Data           2  rtx_conf_cm.o(.constdata)
    os_trv                                   0x08004db4   Data           4  rtx_conf_cm.o(.constdata)
    os_flags                                 0x08004db8   Data           1  rtx_conf_cm.o(.constdata)
    CMSIS_RTOS_API_Version                   0x08004dbc   Data           4  rtx_conf_cm.o(.constdata)
    CMSIS_RTOS_RTX_Version                   0x08004dc0   Data           4  rtx_conf_cm.o(.constdata)
    os_clockrate                             0x08004dc4   Data           4  rtx_conf_cm.o(.constdata)
    os_timernum                              0x08004dc8   Data           4  rtx_conf_cm.o(.constdata)
    mp_tcb_size                              0x08004dcc   Data           2  rtx_conf_cm.o(.constdata)
    mp_stk_size                              0x08004dd0   Data           4  rtx_conf_cm.o(.constdata)
    os_stack_sz                              0x08004dd4   Data           4  rtx_conf_cm.o(.constdata)
    os_fifo_size                             0x08004dd8   Data           1  rtx_conf_cm.o(.constdata)
    os_thread_def_osTimerThread              0x08004ddc   Data          16  rtx_conf_cm.o(.constdata)
    os_messageQ_def_osTimerMessageQ          0x08004dec   Data           8  rtx_conf_cm.o(.constdata)
    mp_tmr_size                              0x08004df4   Data           2  rtx_conf_cm.o(.constdata)
    os_thread_def_main                       0x08004df8   Data          16  rtx_conf_cm.o(.constdata)
    APBAHBPrescTable                         0x08004e08   Data          16  stm32f2xx_hal_rcc.o(.constdata)
    AHBPrescTable                            0x08004e18   Data          16  system_stm32f2xx.o(.constdata)
    Region$$Table$$Base                      0x08004e28   Number         0  anon$$obj.o(Region$$Table)
    Region$$Table$$Limit                     0x08004e48   Number         0  anon$$obj.o(Region$$Table)
    tid_Thread                               0x20000000   Data           4  thread.o(.data)
    tid_GuiThread                            0x20000004   Data           4  thread.o(.data)
    gameField                                0x20000008   Data           4  thread.o(.data)
    fieldySize                               0x2000000c   Data           4  thread.o(.data)
    fieldxSize                               0x20000010   Data           4  thread.o(.data)
    osThreadId_osTimerThread                 0x20000020   Data           4  rtx_conf_cm.o(.data)
    osMessageQId_osTimerMessageQ             0x20000024   Data           4  rtx_conf_cm.o(.data)
    os_tmr                                   0x20000028   Data           4  rtx_conf_cm.o(.data)
    m_tmr                                    0x2000002c   Data           4  rtx_conf_cm.o(.data)
    SystemCoreClock                          0x20000034   Data           4  system_stm32f2xx.o(.data)
    os_initialized                           0x20000038   Data           1  rt_cmsis.o(.data)
    os_running                               0x20000039   Data           1  rt_cmsis.o(.data)
    os_timer_head                            0x2000003c   Data           4  rt_cmsis.o(.data)
    os_tsk                                   0x20000040   Data           8  rt_task.o(.data)
    os_time                                  0x20000048   Data           4  rt_time.o(.data)
    os_tick_irqn                             0x20000050   Data           4  rt_system.o(.data)
    os_robin                                 0x20000054   Data           8  rt_robin.o(.data)
    dbg_msg                                  0x2000005c   Data           1  hal_cm.o(.data)
    mp_tcb                                   0x200000a8   Data         376  rtx_conf_cm.o(.bss)
    mp_stk                                   0x20000220   Data        1216  rtx_conf_cm.o(.bss)
    os_stack_mem                             0x200006e0   Data         432  rtx_conf_cm.o(.bss)
    os_fifo                                  0x20000890   Data         132  rtx_conf_cm.o(.bss)
    os_active_TCB                            0x20000914   Data          28  rtx_conf_cm.o(.bss)
    os_messageQ_q_osTimerMessageQ            0x20000930   Data          32  rtx_conf_cm.o(.bss)
    os_idle_TCB                              0x20000c70   Data          52  rt_task.o(.bss)
    os_rdy                                   0x20000ca4   Data          24  rt_list.o(.bss)
    os_dly                                   0x20000cbc   Data          24  rt_list.o(.bss)
    __libspace_start                         0x20000cd4   Data          96  libspace.o(.bss)
    __temporary_stack_top$libspace           0x20000d34   Data           0  libspace.o(.bss)



==============================================================================

Memory Map of the image

  Image Entry point : 0x0800037d

  Load Region LR_1 (Base: 0x08000000, Size: 0x00004ea8, Max: 0xffffffff, ABSOLUTE)

    Execution Region ER_RO (Base: 0x08000000, Size: 0x00004e48, Max: 0xffffffff, ABSOLUTE)

    Base Addr    Size         Type   Attr      Idx    E Section Name        Object

    0x08000000   0x00000184   Data   RO         1404    RESET               startup_stm32f207xx.o
    0x08000184   0x00000008   Code   RO         4416  * !!!main             c_w.l(__main.o)
    0x0800018c   0x00000034   Code   RO         4628    !!!scatter          c_w.l(__scatter.o)
    0x080001c0   0x0000001a   Code   RO         4630    !!handler_copy      c_w.l(__scatter_copy.o)
    0x080001da   0x00000002   PAD
    0x080001dc   0x0000001c   Code   RO         4632    !!handler_zi        c_w.l(__scatter_zi.o)
    0x080001f8   0x00000002   Code   RO         4581    .ARM.Collect$$libinit$$00000000  c_w.l(libinit.o)
    0x080001fa   0x00000000   Code   RO         4463    .ARM.Collect$$libinit$$00000002  c_w.l(libinit2.o)
    0x080001fa   0x00000000   Code   RO         4465    .ARM.Collect$$libinit$$00000004  c_w.l(libinit2.o)
    0x080001fa   0x00000008   Code   RO         4466    .ARM.Collect$$libinit$$00000005  c_w.l(libinit2.o)
    0x08000202   0x00000000   Code   RO         4468    .ARM.Collect$$libinit$$0000000A  c_w.l(libinit2.o)
    0x08000202   0x00000000   Code   RO         4470    .ARM.Collect$$libinit$$0000000C  c_w.l(libinit2.o)
    0x08000202   0x00000000   Code   RO         4472    .ARM.Collect$$libinit$$0000000E  c_w.l(libinit2.o)
    0x08000202   0x00000000   Code   RO         4475    .ARM.Collect$$libinit$$00000011  c_w.l(libinit2.o)
    0x08000202   0x00000000   Code   RO         4477    .ARM.Collect$$libinit$$00000013  c_w.l(libinit2.o)
    0x08000202   0x00000000   Code   RO         4479    .ARM.Collect$$libinit$$00000015  c_w.l(libinit2.o)
    0x08000202   0x00000000   Code   RO         4481    .ARM.Collect$$libinit$$00000017  c_w.l(libinit2.o)
    0x08000202   0x00000000   Code   RO         4483    .ARM.Collect$$libinit$$00000019  c_w.l(libinit2.o)
    0x08000202   0x00000000   Code   RO         4485    .ARM.Collect$$libinit$$0000001B  c_w.l(libinit2.o)
    0x08000202   0x00000000   Code   RO         4487    .ARM.Collect$$libinit$$0000001D  c_w.l(libinit2.o)
    0x08000202   0x00000000   Code   RO         4489    .ARM.Collect$$libinit$$0000001F  c_w.l(libinit2.o)
    0x08000202   0x00000000   Code   RO         4491    .ARM.Collect$$libinit$$00000021  c_w.l(libinit2.o)
    0x08000202   0x00000000   Code   RO         4493    .ARM.Collect$$libinit$$00000023  c_w.l(libinit2.o)
    0x08000202   0x00000000   Code   RO         4495    .ARM.Collect$$libinit$$00000025  c_w.l(libinit2.o)
    0x08000202   0x00000000   Code   RO         4499    .ARM.Collect$$libinit$$0000002C  c_w.l(libinit2.o)
    0x08000202   0x00000000   Code   RO         4501    .ARM.Collect$$libinit$$0000002E  c_w.l(libinit2.o)
    0x08000202   0x00000000   Code   RO         4503    .ARM.Collect$$libinit$$00000030  c_w.l(libinit2.o)
    0x08000202   0x00000000   Code   RO         4505    .ARM.Collect$$libinit$$00000032  c_w.l(libinit2.o)
    0x08000202   0x00000002   Code   RO         4506    .ARM.Collect$$libinit$$00000033  c_w.l(libinit2.o)
    0x08000204   0x00000002   Code   RO         4582    .ARM.Collect$$libshutdown$$00000000  c_w.l(libshutdown.o)
    0x08000206   0x00000000   Code   RO         4595    .ARM.Collect$$libshutdown$$00000003  c_w.l(libshutdown2.o)
    0x08000206   0x00000000   Code   RO         4598    .ARM.Collect$$libshutdown$$00000006  c_w.l(libshutdown2.o)
    0x08000206   0x00000000   Code   RO         4601    .ARM.Collect$$libshutdown$$00000009  c_w.l(libshutdown2.o)
    0x08000206   0x00000000   Code   RO         4603    .ARM.Collect$$libshutdown$$0000000B  c_w.l(libshutdown2.o)
    0x08000206   0x00000000   Code   RO         4606    .ARM.Collect$$libshutdown$$0000000E  c_w.l(libshutdown2.o)
    0x08000206   0x00000002   Code   RO         4607    .ARM.Collect$$libshutdown$$0000000F  c_w.l(libshutdown2.o)
    0x08000208   0x00000000   Code   RO         4418    .ARM.Collect$$rtentry$$00000000  c_w.l(__rtentry.o)
    0x08000208   0x00000000   Code   RO         4510    .ARM.Collect$$rtentry$$00000002  c_w.l(__rtentry2.o)
    0x08000208   0x00000006   Code   RO         4522    .ARM.Collect$$rtentry$$00000004  c_w.l(__rtentry4.o)
    0x0800020e   0x00000000   Code   RO         4512    .ARM.Collect$$rtentry$$00000009  c_w.l(__rtentry2.o)
    0x0800020e   0x00000004   Code   RO         4513    .ARM.Collect$$rtentry$$0000000A  c_w.l(__rtentry2.o)
    0x08000212   0x00000008   Code   RO         4514    .ARM.Collect$$rtentry$$0000000B  c_w.l(__rtentry2.o)
    0x0800021a   0x00000008   Code   RO         4516    .ARM.Collect$$rtentry$$0000000D  c_w.l(__rtentry2.o)
    0x08000222   0x00000002   Code   RO         4419    .ARM.Collect$$rtexit$$00000000  c_w.l(rtexit.o)
    0x08000224   0x00000000   Code   RO         4525    .ARM.Collect$$rtexit$$00000002  c_w.l(rtexit2.o)
    0x08000224   0x00000004   Code   RO         4526    .ARM.Collect$$rtexit$$00000003  c_w.l(rtexit2.o)
    0x08000228   0x00000006   Code   RO         4527    .ARM.Collect$$rtexit$$00000004  c_w.l(rtexit2.o)
    0x0800022e   0x00000002   PAD
    0x08000230   0x0000001c   Code   RO          499    .emb_text           rtx_conf_cm.o
    0x0800024c   0x00000130   Code   RO         4336    .emb_text           RTX_CM3.lib(hal_cm3.o)
    0x0800037c   0x00000000   Code   RO         4535    .emb_text           c_w.l(maybetermalloc1.o)
    0x0800037c   0x00000040   Code   RO         1405  * .text               startup_stm32f207xx.o
    0x080003bc   0x00000008   Code   RO         4351    .text               c_w.l(libspace.o)
    0x080003c4   0x0000009e   Code   RO         4358    .text               c_w.l(h1_alloc_mt.o)
    0x08000462   0x0000000c   Code   RO         4412    .text               c_w.l(exit.o)
    0x0800046e   0x00000006   Code   RO         4414    .text               c_w.l(heapauxi.o)
    0x08000474   0x0000000a   Code   RO         4430    .text               c_w.l(rt_heap_descriptor_twolibspace.o)
    0x0800047e   0x00000004   Code   RO         4432    .text               c_w.l(hguard.o)
    0x08000482   0x0000008a   Code   RO         4434    .text               c_w.l(init_alloc.o)
    0x0800050c   0x00000012   Code   RO         4444    .text               c_w.l(h1_init_mt.o)
    0x0800051e   0x00000076   Code   RO         4446    .text               c_w.l(h1_free_mt.o)
    0x08000594   0x0000003e   Code   RO         4539    .text               c_w.l(h1_extend_mt.o)
    0x080005d2   0x0000000e   Code   RO         4541    .text               c_w.l(defsig_rtmem_outer.o)
    0x080005e0   0x0000000c   Code   RO         4552    .text               c_w.l(sys_exit.o)
    0x080005ec   0x00000002   Code   RO         4554    .text               c_w.l(use_no_semi.o)
    0x080005ee   0x00000000   Code   RO         4556    .text               c_w.l(indicate_semi.o)
    0x080005ee   0x0000004a   Code   RO         4557    .text               c_w.l(sys_stackheap_outer.o)
    0x08000638   0x0000000a   Code   RO         4563    .text               c_w.l(defsig_exit.o)
    0x08000642   0x00000002   PAD
    0x08000644   0x00000050   Code   RO         4569    .text               c_w.l(defsig_rtmem_inner.o)
    0x08000694   0x00000032   Code   RO         4589    .text               c_w.l(defsig_general.o)
    0x080006c6   0x0000000e   Code   RO         4608    .text               c_w.l(sys_wrch.o)
    0x080006d4   0x00000004   Code   RO         4346    SVC_TABLE           RTX_CM3.lib(svc_table.o)
    0x080006d8   0x00000048   Code   RO         1287    i.FSMC_NORSRAM_Extended_Timing_Init  stm32f2xx_ll_fsmc.o
    0x08000720   0x00000058   Code   RO         1288    i.FSMC_NORSRAM_Init  stm32f2xx_ll_fsmc.o
    0x08000778   0x00000044   Code   RO         1289    i.FSMC_NORSRAM_Timing_Init  stm32f2xx_ll_fsmc.o
    0x080007bc   0x0000003c   Code   RO          295    i.GLCD_ClearScreen  glcd_mcbstm32f200.o
    0x080007f8   0x0000003c   Code   RO          299    i.GLCD_DrawHLine    glcd_mcbstm32f200.o
    0x08000834   0x0000003a   Code   RO          301    i.GLCD_DrawRectangle  glcd_mcbstm32f200.o
    0x0800086e   0x00000002   PAD
    0x08000870   0x0000003c   Code   RO          303    i.GLCD_DrawVLine    glcd_mcbstm32f200.o
    0x080008ac   0x00000734   Code   RO          306    i.GLCD_Initialize   glcd_mcbstm32f200.o
    0x08000fe0   0x00000010   Code   RO          307    i.GLCD_SetBackgroundColor  glcd_mcbstm32f200.o
    0x08000ff0   0x00000010   Code   RO          308    i.GLCD_SetFont      glcd_mcbstm32f200.o
    0x08001000   0x00000010   Code   RO          309    i.GLCD_SetForegroundColor  glcd_mcbstm32f200.o
    0x08001010   0x000000ac   Code   RO          310    i.GLCD_SetWindow    glcd_mcbstm32f200.o
    0x080010bc   0x00000094   Code   RO          149    i.GUI_Thread        thread.o
    0x08001150   0x0000001a   Code   RO          567    i.HAL_Delay         stm32f2xx_hal.o
    0x0800116a   0x00000002   PAD
    0x0800116c   0x0000020c   Code   RO          961    i.HAL_GPIO_Init     stm32f2xx_hal_gpio.o
    0x08001378   0x00000010   Code   RO          963    i.HAL_GPIO_ReadPin  stm32f2xx_hal_gpio.o
    0x08001388   0x00000008   Code   RO          964    i.HAL_GPIO_TogglePin  stm32f2xx_hal_gpio.o
    0x08001390   0x0000000c   Code   RO          965    i.HAL_GPIO_WritePin  stm32f2xx_hal_gpio.o
    0x0800139c   0x0000000c   Code   RO            4    i.HAL_GetTick       main.o
    0x080013a8   0x0000003c   Code   RO          575    i.HAL_Init          stm32f2xx_hal.o
    0x080013e4   0x00000024   Code   RO          576    i.HAL_InitTick      stm32f2xx_hal.o
    0x08001408   0x00000002   Code   RO          578    i.HAL_MspInit       stm32f2xx_hal.o
    0x0800140a   0x0000007c   Code   RO          715    i.HAL_NVIC_SetPriority  stm32f2xx_hal_cortex.o
    0x08001486   0x00000002   PAD
    0x08001488   0x00000028   Code   RO          716    i.HAL_NVIC_SetPriorityGrouping  stm32f2xx_hal_cortex.o
    0x080014b0   0x00000254   Code   RO         1025    i.HAL_RCC_ClockConfig  stm32f2xx_hal_rcc.o
    0x08001704   0x00000038   Code   RO         1030    i.HAL_RCC_GetHCLKFreq  stm32f2xx_hal_rcc.o
    0x0800173c   0x000000b4   Code   RO         1034    i.HAL_RCC_GetSysClockFreq  stm32f2xx_hal_rcc.o
    0x080017f0   0x000003fc   Code   RO         1037    i.HAL_RCC_OscConfig  stm32f2xx_hal_rcc.o
    0x08001bec   0x00000058   Code   RO         1163    i.HAL_SRAM_Init     stm32f2xx_hal_sram.o
    0x08001c44   0x00000002   Code   RO         1165    i.HAL_SRAM_MspInit  stm32f2xx_hal_sram.o
    0x08001c46   0x00000028   Code   RO          718    i.HAL_SYSTICK_CLKSourceConfig  stm32f2xx_hal_cortex.o
    0x08001c6e   0x00000034   Code   RO          720    i.HAL_SYSTICK_Config  stm32f2xx_hal_cortex.o
    0x08001ca2   0x00000002   PAD
    0x08001ca4   0x000000b4   Code   RO          213    i.Init_Button       button.o
    0x08001d58   0x00000048   Code   RO          150    i.Init_Thread       thread.o
    0x08001da0   0x00000074   Code   RO          151    i.Print_square      thread.o
    0x08001e14   0x0000006e   Code   RO            5    i.SystemClock_Config  main.o
    0x08001e82   0x00000002   PAD
    0x08001e84   0x000000c0   Code   RO         1412    i.SystemCoreClockUpdate  system_stm32f2xx.o
    0x08001f44   0x00000054   Code   RO         1413    i.SystemInit        system_stm32f2xx.o
    0x08001f98   0x0000011c   Code   RO          152    i.Thread_Task       thread.o
    0x080020b4   0x00000010   Code   RO          722    i.__NVIC_GetPriorityGrouping  stm32f2xx_hal_cortex.o
    0x080020c4   0x00000028   Code   RO          723    i.__NVIC_SetPriority  stm32f2xx_hal_cortex.o
    0x080020ec   0x00000046   Code   RO         4235    i._init_box         RTX_CM3.lib(rt_membox.o)
    0x08002132   0x00000002   PAD
    0x08002134   0x00000020   Code   RO          501    i._mutex_acquire    rtx_conf_cm.o
    0x08002154   0x0000002c   Code   RO          502    i._mutex_initialize  rtx_conf_cm.o
    0x08002180   0x0000001c   Code   RO          503    i._mutex_release    rtx_conf_cm.o
    0x0800219c   0x00000030   Code   RO         4288    i.dbg_init          RTX_CM3.lib(hal_cm.o)
    0x080021cc   0x00000020   Code   RO         4289    i.dbg_task_notify   RTX_CM3.lib(hal_cm.o)
    0x080021ec   0x00000010   Code   RO         4290    i.dbg_task_switch   RTX_CM3.lib(hal_cm.o)
    0x080021fc   0x00000014   Code   RO          153    i.delay             thread.o
    0x08002210   0x00000014   Code   RO          154    i.delayBtn          thread.o
    0x08002224   0x0000002a   Code   RO         3144    i.isrMessageGet     RTX_CM3.lib(rt_cmsis.o)
    0x0800224e   0x0000002c   Code   RO         3145    i.isrMessagePut     RTX_CM3.lib(rt_cmsis.o)
    0x0800227a   0x00000002   PAD
    0x0800227c   0x00000056   Code   RO         4123    i.isr_mbx_receive   RTX_CM3.lib(rt_mailbox.o)
    0x080022d2   0x0000000e   Code   RO         4124    i.isr_mbx_send      RTX_CM3.lib(rt_mailbox.o)
    0x080022e0   0x00000044   Code   RO            6    i.main              main.o
    0x08002324   0x00000024   Code   RO         3149    i.osKernelInitialize  RTX_CM3.lib(rt_cmsis.o)
    0x08002348   0x0000006c   Code   RO         3151    i.osKernelStart     RTX_CM3.lib(rt_cmsis.o)
    0x080023b4   0x00000018   Code   RO         3160    i.osMessageGet      RTX_CM3.lib(rt_cmsis.o)
    0x080023cc   0x0000002c   Code   RO         3177    i.osThreadCreate    RTX_CM3.lib(rt_cmsis.o)
    0x080023f8   0x00000018   Code   RO         3178    i.osThreadExit      RTX_CM3.lib(rt_cmsis.o)
    0x08002410   0x0000000c   Code   RO         3184    i.osTimerCall       RTX_CM3.lib(rt_cmsis.o)
    0x0800241c   0x0000002c   Code   RO         3189    i.osTimerThread     RTX_CM3.lib(rt_cmsis.o)
    0x08002448   0x00000022   Code   RO          504    i.os_error          rtx_conf_cm.o
    0x0800246a   0x00000004   Code   RO          505    i.os_idle_demon     rtx_conf_cm.o
    0x0800246e   0x00000002   PAD
    0x08002470   0x00000028   Code   RO         3915    i.os_tick_init      RTX_CM3.lib(rt_system.o)
    0x08002498   0x00000002   Code   RO         3916    i.os_tick_irqack    RTX_CM3.lib(rt_system.o)
    0x0800249a   0x0000001a   Code   RO         4236    i.rt_alloc_box      RTX_CM3.lib(rt_membox.o)
    0x080024b4   0x0000003e   Code   RO         4264    i.rt_alloc_mem      RTX_CM3.lib(rt_memory.o)
    0x080024f2   0x00000002   PAD
    0x080024f4   0x00000038   Code   RO         3763    i.rt_block          RTX_CM3.lib(rt_task.o)
    0x0800252c   0x00000048   Code   RO         4213    i.rt_chk_robin      RTX_CM3.lib(rt_robin.o)
    0x08002574   0x00000070   Code   RO         4047    i.rt_dec_dly        RTX_CM3.lib(rt_list.o)
    0x080025e4   0x00000044   Code   RO         3764    i.rt_dispatch       RTX_CM3.lib(rt_task.o)
    0x08002628   0x00000050   Code   RO         4008    i.rt_evt_psh        RTX_CM3.lib(rt_event.o)
    0x08002678   0x0000002c   Code   RO         4237    i.rt_free_box       RTX_CM3.lib(rt_membox.o)
    0x080026a4   0x00000028   Code   RO         4265    i.rt_free_mem       RTX_CM3.lib(rt_memory.o)
    0x080026cc   0x00000028   Code   RO         4048    i.rt_get_first      RTX_CM3.lib(rt_list.o)
    0x080026f4   0x00000008   Code   RO         3194    i.rt_id2obj         RTX_CM3.lib(rt_cmsis.o)
    0x080026fc   0x00000048   Code   RO         3765    i.rt_init_context   RTX_CM3.lib(rt_task.o)
    0x08002744   0x0000001a   Code   RO         4266    i.rt_init_mem       RTX_CM3.lib(rt_memory.o)
    0x0800275e   0x00000002   PAD
    0x08002760   0x00000018   Code   RO         4214    i.rt_init_robin     RTX_CM3.lib(rt_robin.o)
    0x08002778   0x00000080   Code   RO         4291    i.rt_init_stack     RTX_CM3.lib(hal_cm.o)
    0x080027f8   0x00000008   Code   RO         4125    i.rt_mbx_check      RTX_CM3.lib(rt_mailbox.o)
    0x08002800   0x0000001a   Code   RO         4126    i.rt_mbx_init       RTX_CM3.lib(rt_mailbox.o)
    0x0800281a   0x00000002   PAD
    0x0800281c   0x000000f0   Code   RO         4127    i.rt_mbx_psh        RTX_CM3.lib(rt_mailbox.o)
    0x0800290c   0x000000b4   Code   RO         4129    i.rt_mbx_wait       RTX_CM3.lib(rt_mailbox.o)
    0x080029c0   0x00000044   Code   RO         3195    i.rt_ms2tick        RTX_CM3.lib(rt_cmsis.o)
    0x08002a04   0x00000010   Code   RO         3881    i.rt_mut_init       RTX_CM3.lib(rt_mutex.o)
    0x08002a14   0x000000d8   Code   RO         3882    i.rt_mut_release    RTX_CM3.lib(rt_mutex.o)
    0x08002aec   0x00000078   Code   RO         3883    i.rt_mut_wait       RTX_CM3.lib(rt_mutex.o)
    0x08002b64   0x0000007c   Code   RO         3919    i.rt_pop_req        RTX_CM3.lib(rt_system.o)
    0x08002be0   0x00000020   Code   RO         3920    i.rt_psh_req        RTX_CM3.lib(rt_system.o)
    0x08002c00   0x0000005c   Code   RO         4050    i.rt_psq_enq        RTX_CM3.lib(rt_list.o)
    0x08002c5c   0x00000048   Code   RO         4051    i.rt_put_dly        RTX_CM3.lib(rt_list.o)
    0x08002ca4   0x00000036   Code   RO         4052    i.rt_put_prio       RTX_CM3.lib(rt_list.o)
    0x08002cda   0x00000002   PAD
    0x08002cdc   0x00000014   Code   RO         4053    i.rt_put_rdy_first  RTX_CM3.lib(rt_list.o)
    0x08002cf0   0x00000034   Code   RO         4054    i.rt_resort_prio    RTX_CM3.lib(rt_list.o)
    0x08002d24   0x00000006   Code   RO         4292    i.rt_ret_val        RTX_CM3.lib(hal_cm.o)
    0x08002d2a   0x00000008   Code   RO         4293    i.rt_ret_val2       RTX_CM3.lib(hal_cm.o)
    0x08002d32   0x00000028   Code   RO         4055    i.rt_rmv_dly        RTX_CM3.lib(rt_list.o)
    0x08002d5a   0x00000002   PAD
    0x08002d5c   0x00000030   Code   RO         4056    i.rt_rmv_list       RTX_CM3.lib(rt_list.o)
    0x08002d8c   0x00000034   Code   RO         4174    i.rt_sem_psh        RTX_CM3.lib(rt_semaphore.o)
    0x08002dc0   0x00000024   Code   RO         3922    i.rt_stk_check      RTX_CM3.lib(rt_system.o)
    0x08002de4   0x00000028   Code   RO         3766    i.rt_switch_req     RTX_CM3.lib(rt_task.o)
    0x08002e0c   0x000000cc   Code   RO         3767    i.rt_sys_init       RTX_CM3.lib(rt_task.o)
    0x08002ed8   0x00000078   Code   RO         3768    i.rt_sys_start      RTX_CM3.lib(rt_task.o)
    0x08002f50   0x00000040   Code   RO         3924    i.rt_systick        RTX_CM3.lib(rt_system.o)
    0x08002f90   0x00000012   Code   RO         3196    i.rt_tid2ptcb       RTX_CM3.lib(rt_cmsis.o)
    0x08002fa2   0x00000002   PAD
    0x08002fa4   0x00000034   Code   RO         3197    i.rt_timer_insert   RTX_CM3.lib(rt_cmsis.o)
    0x08002fd8   0x00000088   Code   RO         3769    i.rt_tsk_create     RTX_CM3.lib(rt_task.o)
    0x08003060   0x0000017c   Code   RO         3770    i.rt_tsk_delete     RTX_CM3.lib(rt_task.o)
    0x080031dc   0x0000007c   Code   RO         3772    i.rt_tsk_prio       RTX_CM3.lib(rt_task.o)
    0x08003258   0x00000010   Code   RO         3773    i.rt_tsk_self       RTX_CM3.lib(rt_task.o)
    0x08003268   0x00000070   Code   RO         3200    i.svcKernelInitialize  RTX_CM3.lib(rt_cmsis.o)
    0x080032d8   0x00000048   Code   RO         3202    i.svcKernelStart    RTX_CM3.lib(rt_cmsis.o)
    0x08003320   0x00000024   Code   RO         3205    i.svcMessageCreate  RTX_CM3.lib(rt_cmsis.o)
    0x08003344   0x0000003a   Code   RO         3206    i.svcMessageGet     RTX_CM3.lib(rt_cmsis.o)
    0x0800337e   0x00000002   PAD
    0x08003380   0x0000006c   Code   RO         3220    i.svcThreadCreate   RTX_CM3.lib(rt_cmsis.o)
    0x080033ec   0x0000001c   Code   RO         3221    i.svcThreadGetId    RTX_CM3.lib(rt_cmsis.o)
    0x08003408   0x00000038   Code   RO         3224    i.svcThreadTerminate  RTX_CM3.lib(rt_cmsis.o)
    0x08003440   0x00000018   Code   RO         3226    i.svcTimerCall      RTX_CM3.lib(rt_cmsis.o)
    0x08003458   0x0000005c   Code   RO         3235    i.sysTimerTick      RTX_CM3.lib(rt_cmsis.o)
    0x080034b4   0x00000008   Code   RO          313    i.wr_cmd            glcd_mcbstm32f200.o
    0x080034bc   0x00000008   Code   RO          314    i.wr_dat            glcd_mcbstm32f200.o
    0x080034c4   0x00000008   Code   RO          315    i.wr_dat_only       glcd_mcbstm32f200.o
    0x080034cc   0x00000014   Code   RO          316    i.wr_reg            glcd_mcbstm32f200.o
    0x080034e0   0x00000020   Data   RO          155    .constdata          thread.o
    0x08003500   0x000018a0   Data   RO          283    .constdata          glcd_fonts.o
    0x08004da0   0x00000068   Data   RO          507    .constdata          rtx_conf_cm.o
    0x08004e08   0x00000010   Data   RO         1038    .constdata          stm32f2xx_hal_rcc.o
    0x08004e18   0x00000010   Data   RO         1414    .constdata          system_stm32f2xx.o
    0x08004e28   0x00000020   Data   RO         4626    Region$$Table       anon$$obj.o


    Execution Region ER_RW (Base: 0x20000000, Size: 0x00000060, Max: 0xffffffff, ABSOLUTE)

    Base Addr    Size         Type   Attr      Idx    E Section Name        Object

    0x20000000   0x00000014   Data   RW          156    .data               thread.o
    0x20000014   0x00000009   Data   RW          318    .data               glcd_mcbstm32f200.o
    0x2000001d   0x00000003   PAD
    0x20000020   0x00000014   Data   RW          508    .data               rtx_conf_cm.o
    0x20000034   0x00000004   Data   RW         1415    .data               system_stm32f2xx.o
    0x20000038   0x00000008   Data   RW         3238    .data               RTX_CM3.lib(rt_cmsis.o)
    0x20000040   0x00000008   Data   RW         3775    .data               RTX_CM3.lib(rt_task.o)
    0x20000048   0x00000004   Data   RW         3851    .data               RTX_CM3.lib(rt_time.o)
    0x2000004c   0x00000008   Data   RW         3927    .data               RTX_CM3.lib(rt_system.o)
    0x20000054   0x00000008   Data   RW         4215    .data               RTX_CM3.lib(rt_robin.o)
    0x2000005c   0x00000001   Data   RW         4294    .data               RTX_CM3.lib(hal_cm.o)


    Execution Region ER_ZI (Base: 0x20000060, Size: 0x000012d8, Max: 0xffffffff, ABSOLUTE)

    Base Addr    Size         Type   Attr      Idx    E Section Name        Object

    0x20000060   0x00000044   Zero   RW          317    .bss                glcd_mcbstm32f200.o
    0x200000a4   0x00000004   PAD
    0x200000a8   0x00000bc8   Zero   RW          506    .bss                rtx_conf_cm.o
    0x20000c70   0x00000034   Zero   RW         3774    .bss                RTX_CM3.lib(rt_task.o)
    0x20000ca4   0x00000030   Zero   RW         4057    .bss                RTX_CM3.lib(rt_list.o)
    0x20000cd4   0x00000060   Zero   RW         4352    .bss                c_w.l(libspace.o)
    0x20000d34   0x00000004   PAD
    0x20000d38   0x00000200   Zero   RW         1403    HEAP                startup_stm32f207xx.o
    0x20000f38   0x00000400   Zero   RW         1402    STACK               startup_stm32f207xx.o


==============================================================================

Image component sizes


      Code (inc. data)   RO Data    RW Data    ZI Data      Debug   Object Name

       180         16          0          0          0       1106   button.o
         0          0       6304          0          0        828   glcd_fonts.o
      2346         82          0          9         68      11159   glcd_mcbstm32f200.o
       190         12          0          0          0     337839   main.o
       170         36        104         20       3016       9619   rtx_conf_cm.o
        64         26        388          0       1536        792   startup_stm32f207xx.o
       124          6          0          0          0       3596   stm32f2xx_hal.o
       312         22          0          0          0      31104   stm32f2xx_hal_cortex.o
       560         48          0          0          0       3860   stm32f2xx_hal_gpio.o
      1852         52         16          0          0       4901   stm32f2xx_hal_rcc.o
        90          0          0          0          0       1887   stm32f2xx_hal_sram.o
       228         10          0          0          0       2847   stm32f2xx_ll_fsmc.o
       276         38         16          4          0       1809   system_stm32f2xx.o
       660         62         32         20          0       3925   thread.o

    ----------------------------------------------------------------------
      7064        410       6892         56       4624     415272   Object Totals
         0          0         32          0          0          0   (incl. Generated)
        12          0          0          3          4          0   (incl. Padding)

    ----------------------------------------------------------------------

      Code (inc. data)   RO Data    RW Data    ZI Data      Debug   Library Member Name

       238         24          0          1          0       3312   hal_cm.o
       304         36          0          0          0        768   hal_cm3.o
      1110        138          0          8          0      31753   rt_cmsis.o
        80          4          0          0          0        661   rt_event.o
       530         34          0          0         48       8253   rt_list.o
       554         10          0          0          0       3949   rt_mailbox.o
       140          0          0          0          0       1925   rt_membox.o
       128          0          0          0          0       2307   rt_memory.o
       352         14          0          0          0       2105   rt_mutex.o
        96         22          0          8          0       1158   rt_robin.o
        52          4          0          0          0        573   rt_semaphore.o
       298         52          0          8          0       6223   rt_system.o
      1216        174          0          8         52       9649   rt_task.o
         0          0          0          4          0        214   rt_time.o
         4          4          0          0          0        208   svc_table.o
         8          0          0          0          0         68   __main.o
         0          0          0          0          0          0   __rtentry.o
        20          0          0          0          0          0   __rtentry2.o
         6          0          0          0          0          0   __rtentry4.o
        52          8          0          0          0          0   __scatter.o
        26          0          0          0          0          0   __scatter_copy.o
        28          0          0          0          0          0   __scatter_zi.o
        10          0          0          0          0         68   defsig_exit.o
        50          0          0          0          0         88   defsig_general.o
        80         58          0          0          0         76   defsig_rtmem_inner.o
        14          0          0          0          0         80   defsig_rtmem_outer.o
        12          0          0          0          0         72   exit.o
       158          0          0          0          0        128   h1_alloc_mt.o
        62          0          0          0          0         80   h1_extend_mt.o
       118          0          0          0          0        108   h1_free_mt.o
        18          0          0          0          0         84   h1_init_mt.o
         6          0          0          0          0        152   heapauxi.o
         4          0          0          0          0        136   hguard.o
         0          0          0          0          0          0   indicate_semi.o
       138          0          0          0          0        168   init_alloc.o
         2          0          0          0          0          0   libinit.o
        10          0          0          0          0          0   libinit2.o
         2          0          0          0          0          0   libshutdown.o
         2          0          0          0          0          0   libshutdown2.o
         8          4          0          0         96         68   libspace.o
         0          0          0          0          0          0   maybetermalloc1.o
        10          0          0          0          0         76   rt_heap_descriptor_twolibspace.o
         2          0          0          0          0          0   rtexit.o
        10          0          0          0          0          0   rtexit2.o
        12          4          0          0          0         68   sys_exit.o
        74          0          0          0          0         80   sys_stackheap_outer.o
        14          0          0          0          0         76   sys_wrch.o
         2          0          0          0          0         68   use_no_semi.o

    ----------------------------------------------------------------------
      6084        590          0         40        200      74802   Library Totals
        24          0          0          3          4          0   (incl. Padding)

    ----------------------------------------------------------------------

      Code (inc. data)   RO Data    RW Data    ZI Data      Debug   Library Name

      5102        516          0         37        100      73058   RTX_CM3.lib
       958         74          0          0         96       1744   c_w.l

    ----------------------------------------------------------------------
      6084        590          0         40        200      74802   Library Totals

    ----------------------------------------------------------------------

==============================================================================


      Code (inc. data)   RO Data    RW Data    ZI Data      Debug   

     13148       1000       6892         96       4824     483102   Grand Totals
     13148       1000       6892         96       4824     483102   ELF Image Totals
     13148       1000       6892         96          0          0   ROM Totals

==============================================================================

    Total RO  Size (Code + RO Data)                20040 (  19.57kB)
    Total RW  Size (RW Data + ZI Data)              4920 (   4.80kB)
    Total ROM Size (Code + RO Data + RW Data)      20136 (  19.66kB)

==============================================================================

